
≡ƒôª Content Module Tests

============================================================
[2026-02-15T08:46:54.703Z] [INFO] [content:store] Content store initialized {"dataDir":"C:\\Users\\ABL\\Desktop\\Yakmesh\\yakmesh-node\\data\\_test_content_1771145214681","objectCount":0}
[2026-02-15T08:46:54.711Z] [INFO] [content:store] Content stored {"hash":"90c9817a524affc7","ioName":"falcon-grating-diamond","size":13}
[2026-02-15T08:46:54.717Z] [INFO] [content:store] Content stored {"hash":"49eed8a136cf26e2","ioName":"torus-cycle-csidh","size":18}
[2026-02-15T08:46:54.724Z] [INFO] [content:store] Content stored {"hash":"fae3db15eaf930b8","ioName":"fermion-axion-bloch","size":11}
[2026-02-15T08:46:54.726Z] [INFO] [content:store] Content stored {"hash":"3a432a1bd8a8a3ad","ioName":"isogeny-carbide-boson","size":15}
[2026-02-15T08:46:54.728Z] [INFO] [content:store] Content stored {"hash":"6e3dcce150933428","ioName":"hash-majorana-contact","size":9}
[2026-02-15T08:46:54.731Z] [INFO] [content:store] Content stored {"hash":"5061859255740c78","ioName":"casimir-finite-instanton","size":10}
[2026-02-15T08:46:54.733Z] [INFO] [content:store] Content stored {"hash":"2a3cc9a6e84dc041","ioName":"modular-embed-indium","size":9}
[2026-02-15T08:46:54.736Z] [INFO] [content:store] Content stored {"hash":"44c5670dab2b7b4a","ioName":"contact-ecdsa-falcon","size":14}
[2026-02-15T08:46:54.742Z] [INFO] [content:store] Content stored {"hash":"734a6ee56c924a0c","ioName":"vertex-stable-nitrogen","size":16}
[2026-02-15T08:46:54.743Z] [INFO] [content:store] Content store initialized {"dataDir":"C:\\Users\\ABL\\Desktop\\Yakmesh\\yakmesh-node\\data\\_test_content_1771145214681_tiny","objectCount":0}
[2026-02-15T08:46:54.747Z] [INFO] [content:store] Content store initialized {"dataDir":"C:\\Users\\ABL\\Desktop\\Yakmesh\\yakmesh-node\\data\\_test_content_1771145214681_lru","objectCount":0}
[2026-02-15T08:46:54.750Z] [INFO] [content:store] Content stored {"hash":"cc8e2dd8d348e344","ioName":"trap-superconductor-infinity","size":5}
[2026-02-15T08:46:54.751Z] [INFO] [content:store] Content stored {"hash":"6cd1f101fc26ff9d","ioName":"oxide-insulator-vacancy","size":5}
[2026-02-15T08:46:54.755Z] [INFO] [content:store] Content stored {"hash":"a5834ea6a3584023","ioName":"telluride-pseudo-finite","size":5}
Γû╢ computeContentHash
  Γ£ö hashes a string (2.4046ms)
  Γ£ö produces deterministic output (0.942ms)
  Γ£ö produces different hashes for different input (0.8664ms)
  Γ£ö hashes a Buffer (0.2316ms)
  Γ£ö hashes a Uint8Array (0.1729ms)
  Γ£ö hashes an object (JSON-serialized) (0.1664ms)
  Γ£ö object hash is deterministic for same shape (0.1929ms)
Γ£ö computeContentHash (6.1713ms)
Γû╢ deriveContentName
  Γ£ö returns a human-readable string (1.4717ms)
  Γ£ö is deterministic (0.8147ms)
  Γ£ö uses hyphenated words (0.5095ms)
Γ£ö deriveContentName (3.0747ms)
Γû╢ ContentType
  Γ£ö has expected MIME types (0.1704ms)
Γ£ö ContentType (0.2667ms)
Γû╢ ContentStatus
  Γ£ö has all status values (0.1516ms)
Γ£ö ContentStatus (0.26ms)
Γû╢ ConsensusProof
  Γ£ö constructs with defaults (0.1825ms)
  Γ£ö hasQuorum returns false when no validators (0.1153ms)
  Γ£ö addValidator adds unique validators (0.1391ms)
  Γ£ö addValidator deduplicates by nodeId (1.0545ms)
  Γ£ö hasQuorum returns true when quorum met (0.151ms)
  Γ£ö toJSON round-trips via fromJSON (0.1511ms)
Γ£ö ConsensusProof (2.0105ms)
Γû╢ ContentStore
  Γ£ö creates data directories on init (0.6277ms)
  Γ£ö stores string content and returns hash + ioName (6.4178ms)
  Γ£ö stores return "exists" for duplicate content (6.5089ms)
  Γ£ö retrieves stored content via get() (6.2155ms)
  Γ£ö has() returns true for existing content (2.0398ms)
  Γ£ö has() returns false for missing content (0.2739ms)
  Γ£ö getMeta() returns metadata (2.3584ms)
  Γ£ö getWithProof() returns content + meta (2.2321ms)
  Γ£ö delete() removes content from disk and cache (2.9531ms)
  Γ£ö list() returns stored items (0.2862ms)
  Γ£ö list() filters by tag (1.9916ms)
  Γ£ö list() filters by status (0.2579ms)
  Γ£ö getStats() returns summary (0.179ms)
  Γ£ö resolves iO name via get() (4.4812ms)
  Γ£ö enforces maxContentSize (2.8766ms)
  Γ£ö detects content type: JSON (0.1835ms)
  Γ£ö detects content type: HTML (0.0937ms)
  Γ£ö LRU cache evicts oldest entry (11.3813ms)
Γ£ö ContentStore (59.1386ms)

≡ƒÆ╛ Database Replication Engine Tests

============================================================
[2026-02-15T08:46:54.821Z] [INFO] [database:replication] Database initialized {"path":"C:\\Users\\ABL\\Desktop\\Yakmesh\\yakmesh-node\\data\\_test_repl_1771145214749.db"}
[2026-02-15T08:46:54.833Z] [INFO] [database:replication] Database initialized {"path":"C:\\Users\\ABL\\Desktop\\Yakmesh\\yakmesh-node\\data\\_test_repl_1771145214749.db.changes"}
[2026-02-15T08:46:54.849Z] [INFO] [database:replication] Database initialized {"path":"C:\\Users\\ABL\\Desktop\\Yakmesh\\yakmesh-node\\data\\_test_repl_1771145214749.db.apply"}
[2026-02-15T08:46:54.862Z] [INFO] [database:replication] Database initialized {"path":"C:\\Users\\ABL\\Desktop\\Yakmesh\\yakmesh-node\\data\\_test_repl_1771145214749.db.stats"}
[2026-02-15T08:46:54.869Z] [INFO] [database:replication] Database initialized {"path":"C:\\Users\\ABL\\Desktop\\Yakmesh\\yakmesh-node\\data\\_test_repl_1771145214749.db.sync"}
[2026-02-15T08:46:54.869Z] [INFO] [database:replication] Auto-sync started {"intervalSeconds":60}
Γû╢ ReplicationEngine: Init
  Γ£ö creates the database file (0.867ms)
  Γ£ö creates _replication_log table (1.3161ms)
  Γ£ö creates _replication_state table (0.4518ms)
  Γ£ö sets nodeId from mesh identity (2.4909ms)
Γ£ö ReplicationEngine: Init (66.4468ms)
Γû╢ ReplicationEngine: Changes
  Γ£ö recordChange inserts into log for replicated table (5.1906ms)
  Γ£ö recordChange ignores non-replicated tables (5.1205ms)
  Γ£ö getChangesSince filters by timestamp (2.249ms)
Γ£ö ReplicationEngine: Changes (17.0547ms)
Γû╢ ReplicationEngine: applyChange
  Γ£ö applies a new change and returns true (1.8155ms)
  Γ£ö rejects duplicate change (same vector_clock) (2.6698ms)
Γ£ö ReplicationEngine: applyChange (11.0172ms)
Γû╢ ReplicationEngine: Stats
  Γ£ö returns replication log size (1.132ms)
  Γ£ö returns replicated tables list (0.317ms)
Γ£ö ReplicationEngine: Stats (8.0339ms)
Γû╢ ReplicationEngine: Sync
  Γ£ö startSync and stopSync manage interval (3.7499ms)
Γ£ö ReplicationEngine: Sync (3.8933ms)

≡ƒô┐ MANTRA Gossip Protocol Tests

============================================================
[2026-02-15T08:46:54.723Z] [INFO] [mantra:protocol] MANTRA protocol started - prayer wheel spinning
[2026-02-15T08:46:54.724Z] [INFO] [mantra:protocol] MANTRA protocol stopped - prayer wheel at rest
[2026-02-15T08:46:54.724Z] [INFO] [mantra:protocol] MANTRA protocol started - prayer wheel spinning
[2026-02-15T08:46:54.725Z] [INFO] [mantra:protocol] MANTRA protocol stopped - prayer wheel at rest
[2026-02-15T08:46:55.041Z] [WARN] [mantra:protocol] No peers to propagate rumor to
[2026-02-15T08:46:55.042Z] [WARN] [mantra:protocol] No peers to propagate rumor to
[2026-02-15T08:46:55.043Z] [WARN] [mantra:protocol] No peers to propagate rumor to
Γû╢ MantraMessageType
  Γ£ö has all expected types (0.7032ms)
  Γ£ö GossipMessageType is alias for MantraMessageType (0.2143ms)
Γ£ö MantraMessageType (1.9809ms)
Γû╢ MantraProtocol: Construction
  Γ£ö constructs with defaults (0.824ms)
  Γ£ö accepts custom options (0.2294ms)
Γ£ö MantraProtocol: Construction (1.2643ms)
Γû╢ MantraProtocol: Lifecycle
  Γ£ö start() registers gossip handler and creates intervals (1.8346ms)
  Γ£ö stop() clears all intervals and removes handler (0.4945ms)
Γ£ö MantraProtocol: Lifecycle (2.5418ms)
Γû╢ MantraProtocol: BloomFilter
  Γ£ö add + has tracks messages (3.6707ms)
  Γ£ö shouldReset after filling beyond threshold (311.1295ms)
  Γ£ö reset clears the filter (0.3776ms)
Γ£ö MantraProtocol: BloomFilter (315.5007ms)
Γû╢ MantraProtocol: Rumors
  Γ£ö spreadRumor creates a message ID and buffers (1.3524ms)
  Γ£ö spreadRumor deduplicates (second call is no-op) (1.0346ms)
Γ£ö MantraProtocol: Rumors (2.5502ms)
Γû╢ MantraProtocol: Rumor Buffer
  Γ£ö getRecentRumors returns all by default (0.2901ms)
  Γ£ö getRecentRumors filters by since (0.1359ms)
  Γ£ö getRecentRumors filters by topic (0.1218ms)
  Γ£ö buffer evicts when exceeding max (0.7519ms)
Γ£ö MantraProtocol: Rumor Buffer (1.5023ms)
Γû╢ MantraProtocol: Peers
  Γ£ö getKnownPeers returns empty initially (0.7004ms)
  Γ£ö getKnownPeers filters expired peers (0.1623ms)
Γ£ö MantraProtocol: Peers (0.9628ms)
Γû╢ MantraProtocol: Stats
  Γ£ö getStats returns expected shape (0.1687ms)
Γ£ö MantraProtocol: Stats (0.229ms)
Γû╢ MantraProtocol: Fisher-Yates
  Γ£ö returns requested count or fewer (0.1709ms)
  Γ£ö returns all items when count > array size (0.4195ms)
  Γ£ö does not mutate original array (0.2092ms)
Γ£ö MantraProtocol: Fisher-Yates (0.9979ms)
Γû╢ Legacy exports
  Γ£ö GossipProtocol is alias for MantraProtocol (0.1088ms)
Γ£ö Legacy exports (0.2439ms)
Γû╢ KeyResolver
  Γû╢ Self resolution
    Γ£ö resolves own nodeId (1.6458ms)
    Γ£ö resolves own dokoId (0.3325ms)
    Γ£ö returns null for unknown id with no sources (0.1594ms)
    Γ£ö returns null for null/undefined (0.1339ms)
  Γ£ö Self resolution (3.1611ms)
  Γû╢ Registry
    Γ£ö registers and resolves a key (0.6359ms)
    Γ£ö register overwrites existing entry (0.2088ms)
    Γ£ö evicts oldest when at capacity (0.3767ms)
    Γ£ö ignores null/undefined registration (0.1366ms)
  Γ£ö Registry (1.65ms)
  Γû╢ NamcheGateway resolution
    Γ£ö resolves from DOKO cache via lookupByNodeId (0.3808ms)
    Γ£ö resolves from DOKO cache via lookupByHash (0.2339ms)
    Γ£ö caches DOKO result in registry for fast future lookup (0.1395ms)
  Γ£ö NamcheGateway resolution (0.9148ms)
  Γû╢ Network peer resolution
    Γ£ö resolves from peer map (0.1848ms)
    Γ£ö resolves from relay peer keys (0.1216ms)
  Γ£ö Network peer resolution (0.4266ms)
  Γû╢ SHERPA resolution
    Γ£ö resolves from SHERPA registry (0.1544ms)
  Γ£ö SHERPA resolution (0.2236ms)
  Γû╢ Resolution cascade
    Γ£ö self takes priority over registry (0.1476ms)
    Γ£ö registry takes priority over DOKO (0.106ms)
  Γ£ö Resolution cascade (0.3381ms)
  Γû╢ resolveWithMeta
    Γ£ö returns source metadata for self (0.1523ms)
    Γ£ö returns source metadata for registered key (0.0692ms)
    Γ£ö returns null for unknown (0.0784ms)
  Γ£ö resolveWithMeta (0.3949ms)
  Γû╢ has()
    Γ£ö returns true for known keys (0.1308ms)
    Γ£ö returns false for unknown keys (0.0804ms)
  Γ£ö has() (0.3001ms)
  Γû╢ Statistics
    Γ£ö tracks resolution sources (0.227ms)
    Γ£ö reports attachment status (0.1288ms)
  Γ£ö Statistics (0.4445ms)
Γ£ö KeyResolver (8.7546ms)
Γ£ö mesh\tests\annex.test.js (219.9147ms)
Γ£ö mesh\tests\darshan.test.js (229.4728ms)
GUMBA tests loaded
[2026-02-15T08:46:55.180Z] [INFO] [mesh:gumba] Bundle initialized {"bundleId":"test-bundle","owner":"doko-owner-dbcee"}
[2026-02-15T08:46:55.185Z] [INFO] [mesh:gumba] Bundle initialized {"bundleId":"test-bundle","owner":"doko-owner-29550"}
[2026-02-15T08:46:55.189Z] [INFO] [mesh:gumba] Bundle initialized {"bundleId":"test-bundle","owner":"doko-owner-cd588"}
[2026-02-15T08:46:55.198Z] [INFO] [mesh:gumba] Bundle initialized {"bundleId":"test-bundle","owner":"doko-owner-467e6"}
[2026-02-15T08:46:55.201Z] [INFO] [mesh:gumba] Bundle initialized {"bundleId":"test-bundle","owner":"doko-owner-9a03c"}
[2026-02-15T08:46:55.205Z] [INFO] [mesh:gumba] Bundle initialized {"bundleId":"test-bundle","owner":"doko-owner-a422c"}
[2026-02-15T08:46:55.211Z] [INFO] [mesh:gumba] Bundle initialized {"bundleId":"test-bundle","owner":"doko-owner-01bdc"}
[2026-02-15T08:46:55.219Z] [INFO] [mesh:gumba] Bundle initialized {"bundleId":"test-bundle","owner":"doko-owner-1e869"}
[2026-02-15T08:46:55.229Z] [INFO] [mesh:gumba] Bundle initialized {"bundleId":"test-bundle","owner":"doko-owner-36f34"}
[2026-02-15T08:46:55.235Z] [INFO] [mesh:gumba] Bundle initialized {"bundleId":"test-bundle","owner":"doko-owner-d6312"}
[2026-02-15T08:46:55.238Z] [INFO] [mesh:gumba] Bundle initialized {"bundleId":"test-bundle","owner":"doko-owner-da54c"}
[2026-02-15T08:46:55.242Z] [INFO] [mesh:gumba] Bundle initialized {"bundleId":"test-bundle","owner":"doko-owner-da54c"}
[2026-02-15T08:46:55.245Z] [INFO] [mesh:gumba] Bundle initialized {"bundleId":"test-bundle","owner":"doko-owner-6ce3b"}
[2026-02-15T08:46:55.247Z] [INFO] [mesh:gumba] Bundle initialized {"bundleId":"test-bundle","owner":"doko-owner-2660a"}
[2026-02-15T08:46:55.253Z] [INFO] [mesh:gumba] GumbaHub initialized
[2026-02-15T08:46:55.253Z] [INFO] [mesh:gumba] Bundle initialized {"bundleId":"my-bundle","owner":"doko-node-0738d5"}
[2026-02-15T08:46:55.253Z] [INFO] [mesh:gumba] Bundle created {"bundleId":"my-bundle","name":"My Bundle"}
[2026-02-15T08:46:55.256Z] [INFO] [mesh:gumba] GumbaHub initialized
[2026-02-15T08:46:55.257Z] [INFO] [mesh:gumba] Bundle initialized {"bundleId":"my-bundle","owner":"doko-node-03875e"}
[2026-02-15T08:46:55.257Z] [INFO] [mesh:gumba] Bundle created {"bundleId":"my-bundle"}
[2026-02-15T08:46:55.260Z] [INFO] [mesh:gumba] GumbaHub initialized
[2026-02-15T08:46:55.260Z] [INFO] [mesh:gumba] Bundle initialized {"bundleId":"bundle-1","owner":"doko-node-b577d8"}
[2026-02-15T08:46:55.260Z] [INFO] [mesh:gumba] Bundle created {"bundleId":"bundle-1","name":"Bundle 1"}
[2026-02-15T08:46:55.261Z] [INFO] [mesh:gumba] Bundle initialized {"bundleId":"bundle-2","owner":"doko-node-b577d8"}
[2026-02-15T08:46:55.261Z] [INFO] [mesh:gumba] Bundle created {"bundleId":"bundle-2","name":"Bundle 2"}
[2026-02-15T08:46:55.263Z] [INFO] [mesh:gumba] GumbaHub initialized
[2026-02-15T08:46:55.264Z] [INFO] [mesh:gumba] Bundle initialized {"bundleId":"my-bundle","owner":"doko-node-7d74bc"}
[2026-02-15T08:46:55.264Z] [INFO] [mesh:gumba] Bundle created {"bundleId":"my-bundle"}
[2026-02-15T08:46:55.267Z] [INFO] [mesh:gumba] GumbaHub initialized
[2026-02-15T08:46:55.272Z] [INFO] [mesh:gumba] GumbaHub initialized
[2026-02-15T08:46:55.272Z] [INFO] [mesh:gumba] Bundle initialized {"bundleId":"my-bundle","owner":"doko-node-c44572"}
[2026-02-15T08:46:55.273Z] [INFO] [mesh:gumba] Bundle created {"bundleId":"my-bundle"}
[2026-02-15T08:46:55.303Z] [INFO] [mesh:gumba] Access granted {"bundleId":"my-bundle","dokoId":"doko-node-c44572","role":"member"}
[2026-02-15T08:46:55.306Z] [INFO] [mesh:gumba] GumbaHub initialized
[2026-02-15T08:46:55.306Z] [INFO] [mesh:gumba] Bundle initialized {"bundleId":"my-bundle","owner":"doko-node-13d470"}
[2026-02-15T08:46:55.306Z] [INFO] [mesh:gumba] Bundle created {"bundleId":"my-bundle"}
[2026-02-15T08:46:55.318Z] [INFO] [mesh:gumba] Access granted {"bundleId":"my-bundle","dokoId":"doko-node-13d470","role":"member"}
[2026-02-15T08:46:55.321Z] [INFO] [mesh:gumba] GumbaHub initialized
[2026-02-15T08:46:55.321Z] [INFO] [mesh:gumba] Bundle initialized {"bundleId":"my-bundle","owner":"doko-node-3114f7"}
[2026-02-15T08:46:55.321Z] [INFO] [mesh:gumba] Bundle created {"bundleId":"my-bundle"}
[2026-02-15T08:46:55.329Z] [INFO] [mesh:gumba] Access granted {"bundleId":"my-bundle","dokoId":"doko-node-3114f7","role":"member"}
[2026-02-15T08:46:55.332Z] [INFO] [mesh:gumba] GumbaHub initialized
[2026-02-15T08:46:55.333Z] [INFO] [mesh:gumba] Bundle initialized {"bundleId":"my-bundle","owner":"doko-node-d6be57"}
[2026-02-15T08:46:55.333Z] [INFO] [mesh:gumba] Bundle created {"bundleId":"my-bundle"}
[2026-02-15T08:46:55.342Z] [INFO] [mesh:gumba] Access granted {"bundleId":"my-bundle","dokoId":"doko-node-d6be57","role":"member"}
[2026-02-15T08:46:55.344Z] [INFO] [mesh:gumba] GumbaHub initialized
[2026-02-15T08:46:55.344Z] [INFO] [mesh:gumba] Bundle initialized {"bundleId":"my-bundle","owner":"doko-node-878050"}
[2026-02-15T08:46:55.345Z] [INFO] [mesh:gumba] Bundle created {"bundleId":"my-bundle"}
[2026-02-15T08:46:55.345Z] [INFO] [mesh:gumba] Bundle deleted {"bundleId":"my-bundle"}
[2026-02-15T08:46:55.347Z] [INFO] [mesh:gumba] GumbaHub initialized
[2026-02-15T08:46:55.347Z] [INFO] [mesh:gumba] Bundle initialized {"bundleId":"bundle-1","owner":"doko-node-ac8c70"}
[2026-02-15T08:46:55.347Z] [INFO] [mesh:gumba] Bundle created {"bundleId":"bundle-1"}
[2026-02-15T08:46:55.347Z] [INFO] [mesh:gumba] Bundle initialized {"bundleId":"bundle-2","owner":"doko-node-ac8c70"}
[2026-02-15T08:46:55.348Z] [INFO] [mesh:gumba] Bundle created {"bundleId":"bundle-2"}
[2026-02-15T08:46:55.350Z] [INFO] [mesh:gumba] GumbaHub initialized
[2026-02-15T08:46:55.350Z] [INFO] [mesh:gumba] GumbaHub initialized
[2026-02-15T08:46:55.351Z] [INFO] [mesh:gumba] Bundle initialized {"bundleId":"annex-room","owner":"doko-node-1d851e"}
[2026-02-15T08:46:55.351Z] [INFO] [mesh:gumba] Bundle created {"bundleId":"annex-room"}
[2026-02-15T08:46:55.362Z] [INFO] [mesh:gumba] Access granted {"bundleId":"annex-room","dokoId":"doko-node-1d851e","role":"member"}
[2026-02-15T08:46:55.365Z] [INFO] [mesh:gumba] GumbaHub initialized
[2026-02-15T08:46:55.365Z] [INFO] [mesh:gumba] Bundle initialized {"bundleId":"plain-room","owner":"doko-node-405ec7"}
[2026-02-15T08:46:55.365Z] [INFO] [mesh:gumba] Bundle created {"bundleId":"plain-room"}
[2026-02-15T08:46:55.378Z] [INFO] [mesh:gumba] Access granted {"bundleId":"plain-room","dokoId":"doko-node-405ec7","role":"member"}
[2026-02-15T08:46:55.381Z] [INFO] [mesh:gumba] GumbaHub initialized
[2026-02-15T08:46:55.381Z] [INFO] [mesh:gumba] GumbaHub initialized
[2026-02-15T08:46:55.381Z] [INFO] [mesh:gumba] Bundle initialized {"bundleId":"fallback-room","owner":"doko-node-64060b"}
[2026-02-15T08:46:55.381Z] [INFO] [mesh:gumba] Bundle created {"bundleId":"fallback-room"}
[2026-02-15T08:46:55.387Z] [INFO] [mesh:gumba] Access granted {"bundleId":"fallback-room","dokoId":"doko-node-64060b","role":"member"}
[2026-02-15T08:46:55.387Z] [WARN] [mesh:gumba] ANNEX delivery failed, returning plaintext {"visitor":"remote-visitor","error":"PEER_UNREACHABLE"}
[2026-02-15T08:46:55.393Z] [INFO] [mesh:gumba] GumbaHub initialized
[2026-02-15T08:46:55.393Z] [INFO] [mesh:gumba] Bundle initialized {"bundleId":"chat-room","owner":"doko-node-owner-"}
[2026-02-15T08:46:55.393Z] [INFO] [mesh:gumba] Bundle created {"bundleId":"chat-room","name":"Chat Room"}
[2026-02-15T08:46:55.405Z] [INFO] [mesh:gumba] Access granted {"bundleId":"chat-room","dokoId":"doko-visitor-a3b","role":"member"}
[2026-02-15T08:46:55.412Z] [INFO] [mesh:gumba] GumbaHub initialized
[2026-02-15T08:46:55.412Z] [INFO] [mesh:gumba] Bundle initialized {"bundleId":"private-room","owner":"doko-node-owner-"}
[2026-02-15T08:46:55.412Z] [INFO] [mesh:gumba] Bundle created {"bundleId":"private-room"}
[2026-02-15T08:46:55.425Z] [INFO] [mesh:gumba] GumbaHub initialized
[2026-02-15T08:46:55.425Z] [INFO] [mesh:gumba] Bundle initialized {"bundleId":"private-room","owner":"doko-node-owner-"}
[2026-02-15T08:46:55.425Z] [INFO] [mesh:gumba] Bundle created {"bundleId":"private-room"}
[2026-02-15T08:46:55.433Z] [INFO] [mesh:gumba] Access granted {"bundleId":"private-room","dokoId":"doko-alice-f519e","role":"member"}
Γû╢ GumbaKey
  Γ£ö derives deterministic key from owner secret (2.4667ms)
  Γ£ö derives different keys for different bundles (0.504ms)
  Γ£ö derives different keys for different owners (0.3872ms)
  Γ£ö seals and unseals content correctly (1.9358ms)
  Γ£ö tracks message count for rotation (0.4237ms)
  Γ£ö destroys key material securely (0.2443ms)
  Γ£ö fails to unseal with wrong key (0.5194ms)
Γ£ö GumbaKey (8.6586ms)
Γû╢ GumbaMemberTree
  Γ£ö adds and checks members (0.6913ms)
  Γ£ö removes members (0.2178ms)
  Γ£ö tracks member roles (0.221ms)
  Γ£ö checks role hierarchy correctly (0.1717ms)
  Γ£ö builds Merkle root (4.569ms)
  Γ£ö generates and verifies Merkle proofs (0.9166ms)
  Γ£ö returns null proof for non-members (0.1756ms)
  Γ£ö exports and imports correctly (0.536ms)
Γ£ö GumbaMemberTree (7.9409ms)
Γû╢ GumbaProof
  Γû╢ Challenge-Response
    Γ£ö creates valid challenges (11.4811ms)
    Γ£ö signs challenges with DOKO key (33.3324ms)
    Γ£ö verifies valid signed challenges (27.8971ms)
    Γ£ö rejects challenges signed with wrong key (15.6771ms)
    Γ£ö rejects expired challenges (19.9658ms)
  Γ£ö Challenge-Response (108.7635ms)
  Γû╢ Attestation
    Γ£ö creates attestations (9.2527ms)
    Γ£ö verifies valid attestations (21.5933ms)
    Γ£ö rejects attestations from non-members (18.4194ms)
    Γ£ö rejects expired attestations (12.9104ms)
  Γ£ö Attestation (62.5716ms)
  Γû╢ Merkle Proof
    Γ£ö creates Merkle proofs (3.612ms)
    Γ£ö verifies valid Merkle proofs (3.2585ms)
    Γ£ö rejects proofs with wrong root (3.2769ms)
    Γ£ö returns null for non-members (3.3074ms)
  Γ£ö Merkle Proof (13.7439ms)
Γ£ö GumbaProof (185.2726ms)
Γû╢ GumbaGate
  Γ£ö issues challenges (3.2905ms)
  Γ£ö verifies challenge-response access (26.7287ms)
  Γ£ö denies access for non-members (22.8977ms)
  Γ£ö prevents challenge replay (24.2858ms)
  Γ£ö caches successful proofs (51.1169ms)
  Γ£ö revokes cached access (41.8296ms)
  Γ£ö tracks statistics (17.3433ms)
Γ£ö GumbaGate (188.4074ms)
Γû╢ GumbaBundle
  Γ£ö initializes with owner as member (7.1429ms)
  Γ£ö adds messages (3.6996ms)
  Γ£ö prevents unauthorized message posting (8.9069ms)
  Γ£ö retrieves messages for authorized users (3.6121ms)
  Γ£ö denies message retrieval without access (3.2116ms)
  Γ£ö adds members with proper authorization (6.7242ms)
  Γ£ö prevents unauthorized member addition (7.9418ms)
  Γ£ö prevents granting higher role than own (9.07ms)
  Γ£ö removes members with proper authorization (5.9589ms)
  Γ£ö prevents removing owner (3.8929ms)
  Γ£ö exports and imports bundles (6.4884ms)
  Γ£ö provides bundle info (3.0621ms)
  Γ£ö emits events on message and member changes (4.314ms)
Γ£ö GumbaBundle (74.6931ms)
Γû╢ GumbaHub
  Γ£ö creates bundles (3.4617ms)
  Γ£ö prevents duplicate bundle IDs (4.0166ms)
  Γ£ö lists bundles (3.482ms)
  Γ£ö issues challenges (3.1011ms)
  Γ£ö returns error for unknown bundle challenges (3.7972ms)
  Γ£ö handles access requests (35.3029ms)
  Γ£ö gets messages for active sessions (15.2896ms)
  Γ£ö posts messages for active sessions (10.732ms)
  Γ£ö cleans up expired sessions (12.845ms)
  Γ£ö deletes bundles (2.605ms)
  Γ£ö tracks statistics (2.8157ms)
  Γ£ö delivers messages via ANNEX when visitor has nodeId (14.6415ms)
  Γ£ö returns plaintext when no ANNEX is available (15.577ms)
  Γ£ö falls through to plaintext on ANNEX failure (9.684ms)
Γ£ö GumbaHub (138.0266ms)
Γû╢ GUMBA Integration
  Γ£ö complete access flow: challenge ΓåÆ verify ΓåÆ read (17.9571ms)
  Γ£ö attestation-based access flow (15.0205ms)
  Γ£ö access revocation flow (15.2704ms)
Γ£ö GUMBA Integration (48.4403ms)
Γû╢ KathaMessage
  Γ£ö should create a message with required fields (1.8941ms)
  Γ£ö should generate unique IDs (8.1158ms)
  Γ£ö should validate required fields (0.2297ms)
  Γ£ö should validate content length (0.146ms)
  Γ£ö should serialize and deserialize (0.2445ms)
  Γ£ö should support reply threading (0.112ms)
Γ£ö KathaMessage (12.4661ms)
Γû╢ KathaReaction
  Γ£ö should add reaction to message (0.2807ms)
  Γ£ö should prevent duplicate reactions (0.1601ms)
  Γ£ö should remove reactions (0.2033ms)
  Γ£ö should check user reaction (0.2478ms)
  Γ£ö should limit reaction emojis per message (0.2391ms)
  Γ£ö should serialize reactions with message (0.1597ms)
  Γ£ö should create reaction events (0.1438ms)
Γ£ö KathaReaction (1.7281ms)
Γû╢ KathaTyping
  Γ£ö should create typing start event (0.1394ms)
  Γ£ö should create typing stop event (0.0685ms)
  Γ£ö should detect expired typing (0.0877ms)
  Γ£ö should not be expired when fresh (0.0619ms)
Γ£ö KathaTyping (0.4725ms)
Γû╢ KathaReadReceipt
  Γ£ö should create read receipt (0.1432ms)
  Γ£ö should add messages to batch (0.0888ms)
  Γ£ö should not duplicate message IDs (0.0598ms)
  Γ£ö should respect batch limit (0.132ms)
Γ£ö KathaReadReceipt (0.5259ms)
Γû╢ KathaMedia
  Γ£ö should create media from buffer (1.5527ms)
  Γ£ö should convert back to buffer (1.2757ms)
  Γ£ö should verify data integrity (1.1043ms)
  Γ£ö should validate size limit (0.2488ms)
  Γ£ö should support captions (0.2843ms)
  Γ£ö should serialize and deserialize (0.361ms)
Γ£ö KathaMedia (5.1179ms)
Γû╢ KathaEdit
  Γ£ö should create edit event (0.2011ms)
  Γ£ö should validate content length (1.2401ms)
Γ£ö KathaEdit (1.5638ms)
Γû╢ KathaDelete
  Γ£ö should create delete event (0.241ms)
Γ£ö KathaDelete (0.367ms)
Γû╢ KathaChannel
  Γ£ö should create channel with ID (0.4429ms)
  Γ£ö should add and retrieve messages (0.2519ms)
  Γ£ö should track threading (0.2916ms)
  Γ£ö should apply reactions (0.3384ms)
  Γ£ö should track typing indicators (0.2949ms)
  Γ£ö should apply read receipts (0.2777ms)
  Γ£ö should edit messages (0.1896ms)
  Γ£ö should only allow sender to edit (0.1469ms)
  Γ£ö should delete messages (0.2432ms)
  Γ£ö should mark parent as deleted if it has replies (0.1714ms)
  Γ£ö should get messages with filters (0.2867ms)
  Γ£ö should provide stats (0.3119ms)
Γ£ö KathaChannel (3.5955ms)
Γû╢ KathaHub
  Γ£ö should create and manage channels (0.5736ms)
  Γ£ö should handle text message events (0.292ms)
  Γ£ö should handle reaction events (0.2374ms)
  Γ£ö should handle typing events (0.1827ms)
  Γ£ö should emit events to handlers (0.2463ms)
  Γ£ö should remove event handlers (0.3005ms)
  Γ£ö should remove channels (0.1519ms)
  Γ£ö should provide global stats (0.3195ms)
  Γ£ö should cleanup all channels (0.1738ms)
Γ£ö KathaHub (2.7395ms)

≡ƒöù KHATA/SHERPA Ternary Link Quality
ΓöÇΓöÇΓöÇΓöÇΓöÇΓöÇΓöÇΓöÇΓöÇΓöÇΓöÇΓöÇΓöÇΓöÇΓöÇΓöÇΓöÇΓöÇΓöÇΓöÇΓöÇΓöÇΓöÇΓöÇΓöÇΓöÇΓöÇΓöÇΓöÇΓöÇΓöÇΓöÇΓöÇΓöÇΓöÇΓöÇΓöÇΓöÇΓöÇΓöÇΓöÇΓöÇΓöÇΓöÇΓöÇΓöÇΓöÇΓöÇΓöÇΓöÇ
≡ƒôí Symmetric Good Link:
   Outbound: 1 (10/0)
   Inbound:  1 (10/0)
   Overall:  GOOD

≡ƒôí Asymmetric Link (outbound good, inbound bad):
   Outbound: 1 (GOOD)
   Inbound:  -1 (BAD)
   Overall:  BAD ΓåÉ Ternary AND = BAD
   Symmetric: false

≡ƒôí Mixed/Uncertain Link:
   Outbound: 0 (NEUTRAL - mixed)
   Inbound:  0 (NEUTRAL - mixed)
   Overall:  NEUTRAL

ΓÜû∩╕Å Path Balance:
   Good link balance: {"balance":2,"isBalanced":false,"quality":-1}
   Asym link balance: {"balance":0,"isBalanced":true,"quality":1}

ΓöÇΓöÇΓöÇΓöÇΓöÇΓöÇΓöÇΓöÇΓöÇΓöÇΓöÇΓöÇΓöÇΓöÇΓöÇΓöÇΓöÇΓöÇΓöÇΓöÇΓöÇΓöÇΓöÇΓöÇΓöÇΓöÇΓöÇΓöÇΓöÇΓöÇΓöÇΓöÇΓöÇΓöÇΓöÇΓöÇΓöÇΓöÇΓöÇΓöÇΓöÇΓöÇΓöÇΓöÇΓöÇΓöÇΓöÇΓöÇΓöÇΓöÇ

Γ£à KHATA/SHERPA ternary link quality tests complete!

Γû╢ KHATA/SHERPA Ternary Link Quality
  Γû╢ LinkQuality Construction
    Γ£ö starts with NEUTRAL quality (no data) (0.745ms)
  Γ£ö LinkQuality Construction (1.7785ms)
  Γû╢ Outbound Quality
    Γ£ö POSITIVE when >70% success (0.2854ms)
    Γ£ö NEGATIVE when <30% success (0.1839ms)
    Γ£ö NEUTRAL when mixed (30-70%) (0.2571ms)
  Γ£ö Outbound Quality (1.1105ms)
  Γû╢ Inbound Quality
    Γ£ö POSITIVE when >70% success (0.2249ms)
    Γ£ö NEGATIVE when mostly failures (0.2602ms)
  Γ£ö Inbound Quality (0.6866ms)
  Γû╢ Bidirectional Quality
    Γ£ö POSITIVE when both directions good (0.5636ms)
    Γ£ö NEGATIVE when both directions bad (0.2295ms)
    Γ£ö NEGATIVE when asymmetric (good out, bad in) (0.3007ms)
    Γ£ö NEUTRAL when outbound mixed (0.2702ms)
  Γ£ö Bidirectional Quality (1.7089ms)
  Γû╢ Symmetry Detection
    Γ£ö isSymmetric when both directions same (0.1902ms)
    Γ£ö isAsymmetric when directions differ (0.1143ms)
  Γ£ö Symmetry Detection (0.3969ms)
  Γû╢ Path Balance
    Γ£ö reports balance for symmetric good link (0.4512ms)
    Γ£ö balanced when opposite qualities (sum = 0) (0.1476ms)
  Γ£ö Path Balance (1.4957ms)
  Γû╢ Reset and Decay
    Γ£ö reset clears all counters (0.1227ms)
    Γ£ö decay reduces counters (0.1247ms)
  Γ£ö Reset and Decay (0.3205ms)
  Γû╢ Serialization
    Γ£ö toJSON includes all metrics (0.2013ms)
  Γ£ö Serialization (0.256ms)
Γ£ö KHATA/SHERPA Ternary Link Quality (8.7612ms)
Γ£ö mesh\tests\nakpak-e2e.test.js (227.3229ms)
Γ£ö mesh\tests\nakpak-routing.test.js (231.215ms)
Γ£ö mesh\tests\sherpa-discovery.test.js (249.7288ms)
Γ£ö mesh\tests\sherpa-geo.test.js (236.3265ms)

≡ƒö▒ TRISULA - Ternary Search Tree for YAKMESH

ΓöÇΓöÇΓöÇΓöÇΓöÇΓöÇΓöÇΓöÇΓöÇΓöÇΓöÇΓöÇΓöÇΓöÇΓöÇΓöÇΓöÇΓöÇΓöÇΓöÇΓöÇΓöÇΓöÇΓöÇΓöÇΓöÇΓöÇΓöÇΓöÇΓöÇΓöÇΓöÇΓöÇΓöÇΓöÇΓöÇΓöÇΓöÇΓöÇΓöÇΓöÇΓöÇΓöÇΓöÇΓöÇΓöÇΓöÇΓöÇΓöÇΓöÇ
≡ƒôì Inserting node IDs:
   a1b2c3d4e5f6 ΓåÆ Peer 1
   a1b2c3d4aaaa ΓåÆ Peer 2
   a1b2ffff0000 ΓåÆ Peer 3
   deadbeef1234 ΓåÆ Peer 4
   cafebabe5678 ΓåÆ Peer 5

≡ƒôè Tree stats: {"size":5,"nodeCount":48,"maxDepth":14,"avgDepth":7}

≡ƒöì Prefix search for "a1b2":
   a1b2c3d4aaaa ΓåÆ Peer 2
   a1b2c3d4e5f6 ΓåÆ Peer 1
   a1b2ffff0000 ΓåÆ Peer 3

≡ƒÄ» Finding nearest to "a1b2c3d5":
   a1b2c3d4e5f6 (comparison: 1)

ΓöÇ
ΓöÇ
ΓöÇ
ΓöÇ
ΓöÇ
ΓöÇ
ΓöÇ
ΓöÇ
ΓöÇ
ΓöÇ
ΓöÇ
ΓöÇ
ΓöÇ
ΓöÇ
ΓöÇ
ΓöÇ
ΓöÇ
ΓöÇ
ΓöÇ
ΓöÇ
ΓöÇ
ΓöÇ
ΓöÇ
ΓöÇ
ΓöÇ
ΓöÇ
ΓöÇ
ΓöÇ
ΓöÇ
ΓöÇ
ΓöÇ
ΓöÇ
ΓöÇ
ΓöÇ
ΓöÇ
ΓöÇ
ΓöÇ
ΓöÇ
ΓöÇ
ΓöÇ
ΓöÇ
ΓöÇ
ΓöÇ
ΓöÇ
ΓöÇ
ΓöÇ
ΓöÇ
ΓöÇ
ΓöÇ
ΓöÇ

≡ƒîÉ TrisulaPeerRouter Demo:
   Peer count: 3
   Best route to 'aaaa...': wss://node-a:8080
   Closest 2 peers to ab000000...:
      aaaaaaaa... - wss://node-a:8080
      bbbbbbbb... - wss://node-b:8080

ΓöÇΓöÇΓöÇΓöÇΓöÇΓöÇΓöÇΓöÇΓöÇΓöÇΓöÇΓöÇΓöÇΓöÇΓöÇΓöÇΓöÇΓöÇΓöÇΓöÇΓöÇΓöÇΓöÇΓöÇΓöÇΓöÇΓöÇΓöÇΓöÇΓöÇΓöÇΓöÇΓöÇΓöÇΓöÇΓöÇΓöÇΓöÇΓöÇΓöÇΓöÇΓöÇΓöÇΓöÇΓöÇΓöÇΓöÇΓöÇΓöÇΓöÇ


Γ£à All TRISULA tests complete!

Γû╢ TRISULA - Ternary Search Tree
  Γû╢ TrisulaTST Basic Operations
    Γ£ö should start empty (3.2807ms)
    Γ£ö should insert and search keys (0.5339ms)
    Γ£ö should return null for missing keys (1.577ms)
    Γ£ö should update existing keys (0.3269ms)
    Γ£ö should check key existence with has() (0.2882ms)
    Γ£ö should delete keys (0.2415ms)
    Γ£ö should return false when deleting non-existent key (0.141ms)
    Γ£ö should throw on empty key (4.1026ms)
    Γ£ö should support chained inserts (0.3545ms)
  Γ£ö TrisulaTST Basic Operations (12.2686ms)
  Γû╢ TrisulaTST Prefix Operations
    Γ£ö should find all keys with prefix (1.4969ms)
    Γ£ö should find keys with short prefix (0.2126ms)
    Γ£ö should return empty for non-matching prefix (0.1487ms)
    Γ£ö should return all keys for empty prefix (0.1481ms)
    Γ£ö should find longest prefix of string (0.1955ms)
    Γ£ö should find shorter longest prefix (0.1477ms)
    Γ£ö should return null for no matching prefix (0.1421ms)
  Γ£ö TrisulaTST Prefix Operations (2.7661ms)
  Γû╢ TrisulaTST Nearest Neighbor
    Γ£ö should return exact match with NEUTRAL comparison (0.2674ms)
    Γ£ö should find nearest when key not found (0.4316ms)
    Γ£ö should indicate comparison direction (0.7401ms)
    Γ£ö should return null for empty tree (0.3233ms)
  Γ£ö TrisulaTST Nearest Neighbor (1.9486ms)
  Γû╢ TrisulaTST Iteration
    Γ£ö should return sorted keys (0.3093ms)
    Γ£ö should return all values (0.199ms)
    Γ£ö should return sorted entries (0.1671ms)
    Γ£ö should be iterable (0.2195ms)
  Γ£ö TrisulaTST Iteration (1.1568ms)
  Γû╢ TrisulaTST Utility
    Γ£ö should clear the tree (0.1307ms)
    Γ£ö should report stats (3.4663ms)
  Γ£ö TrisulaTST Utility (3.8336ms)
  Γû╢ TrisulaPeerRouter
    Γ£ö should add and get peers (0.7408ms)
    Γ£ö should remove peers (0.7632ms)
    Γ£ö should find by prefix (0.8101ms)
    Γ£ö should find closest peers using XOR distance (0.3041ms)
    Γ£ö should get all peers (0.322ms)
    Γ£ö should report stats (0.2091ms)
  Γ£ö TrisulaPeerRouter (5.268ms)
  Γû╢ TrisulaTST with Hex Node IDs
    Γ£ö should handle 64-char hex node IDs efficiently (2.0055ms)
  Γ£ö TrisulaTST with Hex Node IDs (2.1758ms)
Γ£ö TRISULA - Ternary Search Tree (31.878ms)
Γ£ö mesh\tests\vani.test.js (236.494ms)
YURT Protocol Tests
ΓòÉΓòÉΓòÉΓòÉΓòÉΓòÉΓòÉΓòÉΓòÉΓòÉΓòÉΓòÉΓòÉΓòÉΓòÉΓòÉΓòÉΓòÉΓòÉΓòÉΓòÉΓòÉΓòÉΓòÉΓòÉΓòÉΓòÉΓòÉΓòÉΓòÉΓòÉΓòÉΓòÉΓòÉΓòÉΓòÉΓòÉΓòÉΓòÉΓòÉΓòÉΓòÉΓòÉΓòÉΓòÉΓòÉΓòÉΓòÉΓòÉΓòÉΓòÉΓòÉΓòÉΓòÉΓòÉΓòÉΓòÉΓòÉΓòÉΓòÉ
[2026-02-15T08:46:55.094Z] [INFO] [mesh:yurt] Room announced {"name":"Test Room","bundleId":"bundle-1835fdbddbb6aef5"}
[2026-02-15T08:46:55.095Z] [INFO] [mesh:yurt] YURT gossip stopped
[2026-02-15T08:46:55.109Z] [INFO] [mesh:yurt] Room announced {"name":"Test Room","bundleId":"bundle-89a263af9fb99ca0"}
[2026-02-15T08:46:55.113Z] [INFO] [mesh:yurt] YURT gossip stopped
[2026-02-15T08:46:55.127Z] [INFO] [mesh:yurt] Room announced {"name":"Test Room","bundleId":"bundle-3193fca7ea27e260"}
[2026-02-15T08:46:55.128Z] [INFO] [mesh:yurt] YURT gossip stopped
[2026-02-15T08:46:55.135Z] [INFO] [mesh:yurt] Room announced {"name":"Test Room","bundleId":"bundle-56a371476ae16574"}
[2026-02-15T08:46:55.135Z] [INFO] [mesh:yurt] Room withdrawn {"bundleId":"bundle-56a371476ae16574"}
[2026-02-15T08:46:55.135Z] [INFO] [mesh:yurt] YURT gossip stopped
[2026-02-15T08:46:55.139Z] [INFO] [mesh:yurt] YURT gossip stopped
[2026-02-15T08:46:55.143Z] [INFO] [mesh:yurt] YURT gossip stopped
[2026-02-15T08:46:55.146Z] [INFO] [mesh:yurt] YURT gossip stopped
Γû╢ YurtEntry
  Γû╢ constructor
    Γ£ö creates entry with required fields (1.8996ms)
    Γ£ö sets default values (0.9073ms)
    Γ£ö computes deterministic entry ID (0.9362ms)
  Γ£ö constructor (4.5644ms)
  Γû╢ validation
    Γ£ö validates required fields (0.6033ms)
    Γ£ö validates name length (0.2331ms)
    Γ£ö validates description length (0.1949ms)
    Γ£ö validates tag count (0.2063ms)
    Γ£ö validates tag length (0.2272ms)
    Γ£ö validates visibility (0.2158ms)
    Γ£ö passes valid entry (0.1522ms)
  Γ£ö validation (2.1586ms)
  Γû╢ signing and verification
    Γ£ö signs entry with secret key (20.6512ms)
    Γ£ö verifies valid signature (28.5103ms)
    Γ£ö rejects invalid signature (wrong key) (48.5747ms)
    Γ£ö rejects tampered entry (23.8242ms)
    Γ£ö returns false for unsigned entry (3.0458ms)
  Γ£ö signing and verification (124.9287ms)
  Γû╢ expiration
    Γ£ö detects expired entry (0.3774ms)
    Γ£ö returns false for fresh entry (0.2195ms)
  Γ£ö expiration (0.7732ms)
  Γû╢ URI generation
    Γ£ö generates yak:// URI (0.2738ms)
    Γ£ö generates invite URI with attestation (0.1949ms)
  Γ£ö URI generation (0.5645ms)
  Γû╢ serialization
    Γ£ö exports to JSON (0.1901ms)
    Γ£ö imports from JSON (0.1758ms)
    Γ£ö preserves signature through serialization (9.625ms)
  Γ£ö serialization (10.1275ms)
Γ£ö YurtEntry (144.4975ms)
Γû╢ YurtLink
  Γû╢ parse
    Γ£ö parses basic yak:// URI (0.4759ms)
    Γ£ö parses URI with explicit port (0.1726ms)
    Γ£ö parses URI with invite parameter (0.7557ms)
    Γ£ö handles invalid URI gracefully (0.1558ms)
    Γ£ö constructs endpoint from host:port (0.1422ms)
  Γ£ö parse (1.9068ms)
  Γû╢ create
    Γ£ö creates basic URI (0.1862ms)
    Γ£ö creates URI with custom port (0.1209ms)
    Γ£ö creates invite URI (0.1794ms)
  Γ£ö create (0.6214ms)
  Γû╢ isValid
    Γ£ö returns true for valid URI (0.1652ms)
    Γ£ö returns false for non-yak scheme (0.112ms)
    Γ£ö returns false for invalid input (0.0983ms)
  Γ£ö isValid (0.5502ms)
  Γû╢ toHttpsGateway
    Γ£ö converts to HTTPS gateway URL (0.1921ms)
    Γ£ö uses custom gateway URL (0.1126ms)
    Γ£ö returns null for invalid URI (0.13ms)
  Γ£ö toHttpsGateway (0.5589ms)
Γ£ö YurtLink (3.9041ms)
Γû╢ YurtDirectory
  Γû╢ add
    Γ£ö adds valid entry (0.7217ms)
    Γ£ö rejects invalid entry (0.1802ms)
    Γ£ö updates existing entry (0.4288ms)
    Γ£ö verifies signature when required (17.2662ms)
    Γ£ö accepts valid signature (9.8171ms)
  Γ£ö add (28.6561ms)
  Γû╢ remove
    Γ£ö removes existing entry (0.3665ms)
    Γ£ö returns false for non-existent entry (0.1336ms)
  Γ£ö remove (0.6009ms)
  Γû╢ get and getByBundle
    Γ£ö retrieves entry by ID (0.2418ms)
    Γ£ö retrieves entry by bundle ID (0.2051ms)
    Γ£ö returns null for missing entry (0.1021ms)
  Γ£ö get and getByBundle (0.6455ms)
  Γû╢ search
    Γ£ö searches by text query (0.5765ms)
    Γ£ö searches in description (0.3789ms)
    Γ£ö searches by tags (0.2875ms)
    Γ£ö filters by visibility (0.2863ms)
    Γ£ö applies limit (0.2561ms)
    Γ£ö returns all matching entries (0.2143ms)
  Γ£ö search (2.1871ms)
  Γû╢ listPublic
    Γ£ö returns only public entries (0.2139ms)
  Γ£ö listPublic (0.2662ms)
  Γû╢ own listings
    Γ£ö tracks own listings (0.1921ms)
  Γ£ö own listings (0.237ms)
  Γû╢ cleanup
    Γ£ö removes expired entries (0.3135ms)
    Γ£ö preserves own listings even if expired (0.147ms)
  Γ£ö cleanup (0.5294ms)
  Γû╢ indexes
    Γ£ö indexes by host (0.2589ms)
    Γ£ö indexes by tag (0.2289ms)
  Γ£ö indexes (0.5534ms)
  Γû╢ persistence
    Γ£ö exports and imports (0.3557ms)
  Γ£ö persistence (0.411ms)
  Γû╢ stats
    Γ£ö tracks statistics (0.2123ms)
  Γ£ö stats (0.2603ms)
Γ£ö YurtDirectory (34.8473ms)
Γû╢ YurtGossip
  Γû╢ announce
    Γ£ö announces room to network (8.6955ms)
    Γ£ö signs entry with node identity (17.9007ms)
    Γ£ö broadcasts to peers (13.9615ms)
  Γ£ö announce (40.7397ms)
  Γû╢ withdraw
    Γ£ö withdraws own listing (7.7447ms)
    Γ£ö rejects withdrawing others listings (3.7251ms)
  Γ£ö withdraw (11.6105ms)
  Γû╢ query
    Γ£ö broadcasts query to network (3.4889ms)
  Γ£ö query (3.5754ms)
  Γû╢ stats
    Γ£ö tracks gossip statistics (3.1568ms)
  Γ£ö stats (3.2325ms)
Γ£ö YurtGossip (59.3726ms)
Γû╢ Integration Scenarios
  Γû╢ QRL Official Room Flow
    Γ£ö creates and discovers QRL room (10.1657ms)
    Γ£ö discovers room via gossip (30.0129ms)
  Γ£ö QRL Official Room Flow (40.412ms)
  Γû╢ Invite Flow
    Γ£ö creates and parses invite links (0.4165ms)
  Γ£ö Invite Flow (0.4826ms)
  Γû╢ Browser Fallback
    Γ£ö provides HTTPS gateway fallback (0.1205ms)
  Γ£ö Browser Fallback (0.1663ms)
Γ£ö Integration Scenarios (41.184ms)

≡ƒù│∩╕Å LAMA Ternary Consensus Retrofit
ΓöÇΓöÇΓöÇΓöÇΓöÇΓöÇΓöÇΓöÇΓöÇΓöÇΓöÇΓöÇΓöÇΓöÇΓöÇΓöÇΓöÇΓöÇΓöÇΓöÇΓöÇΓöÇΓöÇΓöÇΓöÇΓöÇΓöÇΓöÇΓöÇΓöÇΓöÇΓöÇΓöÇΓöÇΓöÇΓöÇΓöÇΓöÇΓöÇΓöÇΓöÇΓöÇΓöÇΓöÇΓöÇΓöÇΓöÇΓöÇΓöÇΓöÇ
≡ƒôè Votes Cast:
   node-1: Γ£ô ACCEPT (weight: 10)
   node-2: Γ£ô ACCEPT (weight: 5)
   node-3: Γ£ù REJECT (weight: 3) - SIGNATURE_EXPIRED
   node-4: Γùî ABSTAIN (weight: 1) - AWAITING_VALIDATION
   node-5: Γ£ô ACCEPT (weight: 2)

≡ƒôê Consensus Result:
   Decision: ACCEPT
   Confidence: 66.7%
   Accept/Reject/Abstain: 3/1/1
   Weighted Accept/Reject: 17/3

ΓÜû∩╕Å Close Vote Scenario:
   With 20% threshold: UNDECIDED (margin too close)

ΓöÇΓöÇΓöÇΓöÇΓöÇΓöÇΓöÇΓöÇΓöÇΓöÇΓöÇΓöÇΓöÇΓöÇΓöÇΓöÇΓöÇΓöÇΓöÇΓöÇΓöÇΓöÇΓöÇΓöÇΓöÇΓöÇΓöÇΓöÇΓöÇΓöÇΓöÇΓöÇΓöÇΓöÇΓöÇΓöÇΓöÇΓöÇΓöÇΓöÇΓöÇΓöÇΓöÇΓöÇΓöÇΓöÇΓöÇΓöÇΓöÇΓöÇ

Γ£à LAMA ternary consensus tests complete!

[DEPRECATED] computeTernaryConsensus should not be used for validation
[DEPRECATED] computeTernaryConsensus should not be used for validation
[DEPRECATED] computeTernaryConsensus should not be used for validation
[DEPRECATED] computeTernaryConsensus should not be used for validation
[DEPRECATED] computeTernaryConsensus should not be used for validation
[DEPRECATED] computeTernaryConsensus should not be used for validation
[DEPRECATED] computeTernaryConsensus should not be used for validation
[DEPRECATED] computeTernaryConsensus should not be used for validation
[DEPRECATED] computeTernaryConsensus should not be used for validation
[DEPRECATED] computeTernaryConsensus should not be used for validation
Γû╢ LAMA Ternary Consensus
  Γû╢ ConsensusVote
    Γ£ö accept() creates positive vote (0.8424ms)
    Γ£ö reject() creates negative vote with reason (0.1966ms)
    Γ£ö abstain() creates neutral vote (0.2243ms)
    Γ£ö has default weight of 1 (0.1475ms)
    Γ£ö accepts custom weight (0.166ms)
    Γ£ö records timestamp (0.3545ms)
    Γ£ö is immutable (0.6017ms)
    Γ£ö toJSON includes all fields (0.2013ms)
  Γ£ö ConsensusVote (3.695ms)
  Γû╢ computeTernaryConsensus
    Γ£ö unanimous accept returns ACCEPT (0.6472ms)
    Γ£ö unanimous reject returns REJECT (0.4058ms)
    Γ£ö strong majority accept wins (1.529ms)
    Γ£ö close vote returns NEUTRAL (undecided) (0.3901ms)
    Γ£ö abstain votes are neutral in weighted calculation (0.2552ms)
    Γ£ö provides correct summary stats (0.2443ms)
    Γ£ö handles empty votes array (0.3523ms)
    Γ£ö single vote determines result (1.118ms)
  Γ£ö computeTernaryConsensus (5.3995ms)
Γ£ö LAMA Ternary Consensus (9.6278ms)
≡ƒöÉ Security level set to NIST Level 3
≡ƒöÉ Security level set to NIST Level 5
≡ƒöÉ Security level set to NIST Level 3
≡ƒöÉ Security level set to NIST Level 3
≡ƒöÉ Security level set to NIST Level 3
≡ƒöÉ Security level set to NIST Level 5
≡ƒöÉ Security level set to NIST Level 3
≡ƒöÉ Security level set to NIST Level 5
≡ƒöÉ Security level set to NIST Level 3
≡ƒöÉ Security level set to NIST Level 3
≡ƒöÉ Security level set to NIST Level 5
≡ƒöÉ Security level set to NIST Level 3
≡ƒöÉ Security level set to NIST Level 3
≡ƒöÉ Security level set to NIST Level 3
≡ƒöÉ Security level set to NIST Level 5
≡ƒöÉ Security level set to NIST Level 3
≡ƒöÉ Security level set to NIST Level 3
≡ƒöÉ Security level set to NIST Level 5
≡ƒöÉ Security level set to NIST Level 3
≡ƒöÉ Security level set to NIST Level 3
≡ƒöÉ Security level set to NIST Level 3
ML-DSA-65: 10 sign+verify in 81.55ms (8.16ms each)
≡ƒöÉ Security level set to NIST Level 3
ML-KEM-768: 10 encaps+decaps in 14.58ms (1.46ms each)
≡ƒöÉ Security level set to NIST Level 3
≡ƒöÉ Security level set to NIST Level 5
Level 5 overhead: 98.9% slower than Level 3
≡ƒöÉ Security level set to NIST Level 3
Γû╢ Post-Quantum Cryptography Test Suite
  Γû╢ Security Level Configuration
    Γ£ö default security level is LEVEL_3 (1.1271ms)
    Γ£ö can switch to LEVEL_5 (paranoid mode) (0.3415ms)
    Γ£ö rejects invalid security levels (0.584ms)
    Γ£ö getCryptoSummary returns correct info (0.351ms)
  Γ£ö Security Level Configuration (3.2098ms)
  Γû╢ ML-DSA-65 (Dilithium3) Signatures
    Γ£ö generates valid key pair (0.2826ms)
    Γ£ö signs and verifies message (23.5059ms)
    Γ£ö rejects tampered message (8.766ms)
    Γ£ö rejects tampered signature (6.9136ms)
    Γ£ö different keys produce different signatures (33.2387ms)
    Γ£ö signature is deterministic for same message and key (28.1752ms)
  Γ£ö ML-DSA-65 (Dilithium3) Signatures (116.2131ms)
  Γû╢ ML-DSA-87 (Dilithium5) Signatures - Level 5
    Γ£ö generates larger keys for Level 5 (0.1947ms)
    Γ£ö produces larger signatures for Level 5 (16.5846ms)
    Γ£ö Level 5 signature incompatible with Level 3 verification (28.3504ms)
  Γ£ö ML-DSA-87 (Dilithium5) Signatures - Level 5 (56.208ms)
  Γû╢ ML-KEM-768 (Kyber768) Key Encapsulation
    Γ£ö generates valid KEM key pair (0.2907ms)
    Γ£ö encapsulation produces ciphertext and shared secret (2.9685ms)
    Γ£ö decapsulation recovers same shared secret (4.4194ms)
    Γ£ö different public keys produce different shared secrets (4.9591ms)
    Γ£ö wrong secret key fails to decapsulate correctly (5.4104ms)
    Γ£ö each encapsulation produces unique ciphertext (2.7701ms)
  Γ£ö ML-KEM-768 (Kyber768) Key Encapsulation (24.7015ms)
  Γû╢ ML-KEM-1024 (Kyber1024) Key Encapsulation - Level 5
    Γ£ö generates larger keys for Level 5 (0.291ms)
    Γ£ö produces larger ciphertext for Level 5 (2.4279ms)
    Γ£ö shared secret still 32 bytes at Level 5 (2.8991ms)
  Γ£ö ML-KEM-1024 (Kyber1024) Key Encapsulation - Level 5 (7.6349ms)
  Γû╢ SHA3-256 Hash Function
    Γ£ö produces 256-bit (32 byte) output (0.2954ms)
    Γ£ö is deterministic (0.1776ms)
    Γ£ö different inputs produce different hashes (0.1309ms)
    Γ£ö small change produces completely different hash (avalanche) (0.1785ms)
    Γ£ö empty input has known hash (0.1443ms)
  Γ£ö SHA3-256 Hash Function (1.095ms)
  Γû╢ Node Identity Module
    Γ£ö generateKeyPair produces valid ML-DSA-65 keys (3.7388ms)
    Γ£ö signMessage and verifySignature work correctly (49.8392ms)
    Γ£ö verifySignature rejects tampered message (16.3336ms)
    Γ£ö verifySignature rejects wrong public key (21.4675ms)
  Γ£ö Node Identity Module (91.5908ms)
  Γû╢ Integration Tests
    Γ£ö full handshake simulation: sign + KEM + encrypt (24.2174ms)
    Γ£ö security level upgrade preserves functionality (33.5045ms)
  Γ£ö Integration Tests (57.872ms)
  Γû╢ SLH-DSA-SHA2-192f Backup Signatures (Level 3)
    Γ£ö generates valid SLH-DSA key pair (0.2594ms)
    Γ£ö getBackupSignatureName returns correct algorithm (0.1131ms)
    Γ£ö signs and verifies message with SLH-DSA (260.9309ms)
    Γ£ö rejects tampered message (204.9639ms)
    Γ£ö rejects tampered signature (205.2307ms)
    Γ£ö crypto profile includes backup signature info (0.1411ms)
  Γ£ö SLH-DSA-SHA2-192f Backup Signatures (Level 3) (698.1981ms)
  Γû╢ SLH-DSA-SHA2-256f Backup Signatures (Level 5)
    Γ£ö generates valid Level 5 SLH-DSA key pair (0.1807ms)
    Γ£ö getBackupSignatureName returns Level 5 algorithm (0.0743ms)
    Γ£ö signs and verifies message at Level 5 (432.7932ms)
  Γ£ö SLH-DSA-SHA2-256f Backup Signatures (Level 5) (452.8665ms)
  Γû╢ Dual Signatures (ML-DSA + SLH-DSA)
    Γ£ö generates both primary and backup keypairs (0.1848ms)
    Γ£ö creates dual signature with both algorithms (210.8396ms)
    Γ£ö verifies dual signature (both must be valid) (207.9211ms)
    Γ£ö verifies combined dual signature (208.8383ms)
    Γ£ö fails if primary signature is invalid (204.2469ms)
    Γ£ö fails if backup signature is invalid (226.757ms)
    Γ£ö getCryptoSummary includes SLH-DSA info (0.147ms)
  Γ£ö Dual Signatures (ML-DSA + SLH-DSA) (1068.442ms)
  Γû╢ Performance Benchmarks
    Γ£ö ML-DSA-65 sign/verify performance (84.3778ms)
    Γ£ö ML-KEM-768 encaps/decaps performance (15.4547ms)
    Γ£ö Level 5 vs Level 3 overhead (105.6555ms)
  Γ£ö Performance Benchmarks (205.6169ms)
Γ£ö Post-Quantum Cryptography Test Suite (2785.1531ms)

≡ƒûû "Modulate the shield frequency, Mr. La Forge!" - Captain Picard

  ΓÜí Current epoch: 81997
  ΓÅ░ Epoch 81997: 2026-02-15T06:00:00.000Z - 2026-02-15T12:00:00.000Z
  ΓÅ│ Time until rotation: 3h 13m 5s
  Γ£à Valid epochs: 81997, 81998
  ΓÜí Phase modulation creates unique salts per epoch
  ≡ƒöÆ Phase fingerprint: cdf41522b5a7f11cfa47a309c99fc458
  ≡ƒöÆ Fingerprints rotate with phase epochs (anti-replay protection)
  Γ£ô Fingerprint verified: CURRENT_PHASE
  ≡ƒûû Phase ID: Phase-10249╬╢
  ≡ƒûû Greek letters: Phase-0╬▒, Phase-0╬▓, Phase-0╬│, Phase-0╬┤, Phase-0╬╡, Phase-0╬╢, Phase-0╬╖, Phase-0╬╕
  ≡ƒô¿ Challenge created, epoch 81997, binding a829950dda4a4cec

  ≡ƒôè Phase Status:
     Current Epoch: 81997
     In Grace Period: false
     Valid Epochs: [81997, 81998]
     Next rotation in 3h 13m

  ≡ƒôè Fingerprint Rotation Demo:
     Phase-10249╬┤: 20d3f52d418d02b24a946aee71bd5274
     Phase-10249╬╡: 837a5970b1de25169d54a88d628f4187
     Phase-10249╬╢: a2d9cd88a35ed13239364d27d934b615 ΓåÉ current
     Phase-10249╬╖: 18bde4ae55726629eed3a978344cfec1
     Phase-10249╬╕: 3f0bb4bc215e21259ee6aa1918f30c72
  ≡ƒ¢í∩╕Å Replay attack with expired phase would be rejected
  ΓÅ░ Epoch duration: 6 hours
  ≡ƒöº Grace period: 15 minutes
  ≡ƒæü∩╕Å Lookahead phases: 1
Γû╢ Phase Epoch System
  Γû╢ getCurrentEpoch()
    Γ£ö should return current epoch number (0.7073ms)
    Γ£ö should return same epoch within same period (0.1962ms)
    Γ£ö should accept optional timestamp (0.1193ms)
  Γ£ö getCurrentEpoch() (1.6877ms)
  Γû╢ getEpochStartTime() / getEpochEndTime()
    Γ£ö should return valid time boundaries (1.0525ms)
  Γ£ö getEpochStartTime() / getEpochEndTime() (1.1847ms)
  Γû╢ getTimeUntilRotation()
    Γ£ö should return time info (0.3807ms)
  Γ£ö getTimeUntilRotation() (0.4985ms)
  Γû╢ getValidEpochs()
    Γ£ö should return array of valid epochs (0.3853ms)
    Γ£ö should include current epoch (0.153ms)
  Γ£ö getValidEpochs() (0.7291ms)
  Γû╢ modulateSalt()
    Γ£ö should generate consistent salt for same epoch (0.7721ms)
    Γ£ö should generate different salts for different epochs (0.2977ms)
  Γ£ö modulateSalt() (1.2127ms)
  Γû╢ derivePhaseFingerprint()
    Γ£ö should derive fingerprint from hash and epoch (3.4778ms)
    Γ£ö should produce same fingerprint for same hash and epoch (2.8352ms)
    Γ£ö should produce different fingerprint for different epochs (0.8642ms)
    Γ£ö should produce different fingerprint for different hashes (0.5497ms)
  Γ£ö derivePhaseFingerprint() (7.9584ms)
  Γû╢ verifyPhaseFingerprint()
    Γ£ö should verify correct current fingerprint (0.7613ms)
    Γ£ö should reject incorrect fingerprint (0.542ms)
  Γ£ö verifyPhaseFingerprint() (1.4564ms)
  Γû╢ formatPhaseId()
    Γ£ö should format phase ID with Greek letter (0.4742ms)
    Γ£ö should cycle through Greek letters (0.2675ms)
  Γ£ö formatPhaseId() (0.8536ms)
  Γû╢ createPhasedChallenge() / verifyPhasedChallenge()
    Γ£ö should create phased challenge (0.3112ms)
    Γ£ö should verify valid challenge (0.206ms)
    Γ£ö should reject expired challenge (0.1268ms)
  Γ£ö createPhasedChallenge() / verifyPhasedChallenge() (0.8022ms)
  Γû╢ getPhaseStatus()
    Γ£ö should return comprehensive status (0.3681ms)
  Γ£ö getPhaseStatus() (0.4718ms)
  Γû╢ Anti-Replay Protection
    Γ£ö should demonstrate fingerprint rotation (1.4012ms)
    Γ£ö should prevent replay attacks with expired epochs (0.8794ms)
  Γ£ö Anti-Replay Protection (2.4331ms)
  Γû╢ Constants
    Γ£ö should have sensible epoch duration (0.2082ms)
    Γ£ö should have reasonable grace period (0.1243ms)
    Γ£ö should have lookahead phases (0.1275ms)
  Γ£ö Constants (0.5945ms)
Γ£ö Phase Epoch System (20.9843ms)
Γ£¿ SST - Synergy Sequence Theory Integration for YAKMESH

============================================================

≡ƒôè SST Family Groups (Wesley Long):
   Family A: 1, 4, 7 ΓåÆ NEGATIVE (Physical Descending)
   Family B: 2, 5, 8 ΓåÆ POSITIVE (Physical Ascending)
   Family C: 3, 6, 9 ΓåÆ NEUTRAL (Governing Singularity)

≡ƒöó Digital Root Examples:
   digitalRoot(27) = 9 ΓåÆ Family C
   digitalRoot(123) = 6 ΓåÆ Family C
   digitalRoot(999) = 9 ΓåÆ Family C

≡ƒôê Fibonacci 24-Cycle:
   1, 1, 2, 3, 5, 8, 4, 3, 7, 1, 8, 9
   8, 8, 7, 6, 4, 1, 5, 6, 2, 8, 1, 9

≡ƒö║ SST-YAKMESH Key Constants:
   YPC-27 degree: 27 ΓåÆ root 9 ΓåÆ Family C
   Fib cycle: 24 ΓåÆ root 6 ΓåÆ Family C
   LCM(27,24): 216 ΓåÆ root 9 ΓåÆ Family C

============================================================


Γ£à SST Tests Complete

Γû╢ SST Digital Root
  Γ£ö calculates digital roots correctly (1.6842ms)
  Γ£ö handles zero as 9 (SST convention) (0.1798ms)
  Γ£ö handles negative numbers (0.1546ms)
  Γ£ö handles BigInt (0.145ms)
Γ£ö SST Digital Root (3.2178ms)
Γû╢ SST Family Classification
  Γ£ö classifies Family A (1,4,7) correctly (0.2706ms)
  Γ£ö classifies Family B (2,5,8) correctly (0.2349ms)
  Γ£ö classifies Family C (3,6,9) correctly (0.163ms)
  Γ£ö maps numbers to families via digital root (0.1586ms)
Γ£ö SST Family Classification (1.2237ms)
Γû╢ SST to Trit Mapping
  Γ£ö maps Family A to NEGATIVE (0.603ms)
  Γ£ö maps Family B to POSITIVE (0.2805ms)
  Γ£ö maps Family C to NEUTRAL (0.1496ms)
Γ£ö SST to Trit Mapping (1.2505ms)
Γû╢ Fibonacci 24-Cycle
  Γ£ö has exactly 24 elements (0.2451ms)
  Γ£ö starts correctly (0.1142ms)
  Γ£ö has 9 at positions 11 and 23 (singularity markers) (0.2323ms)
  Γ£ö correctly references cycle positions (0.0964ms)
  Γ£ö correctly maps to families (0.0715ms)
Γ£ö Fibonacci 24-Cycle (0.9362ms)
Γû╢ Synergy Matrix
  Γ£ö generates 9 rows (0.49ms)
  Γ£ö starts each row with its seed (0.3424ms)
  Γ£ö generates standard Fibonacci on row 1 (0.9647ms)
  Γ£ö all values are 1-9 (0.7131ms)
Γ£ö Synergy Matrix (2.6872ms)
Γû╢ Trust Propagation
  Γ£ö returns full trust for direct connection (0.1824ms)
  Γ£ö uses ΓêÜ3 ratio for one hop (0.1739ms)
  Γ£ö uses 1/3 ratio for two hops (0.0993ms)
  Γ£ö decays geometrically beyond 3 hops (0.3713ms)
  Γ£ö scales with base trust (0.2292ms)
Γ£ö Trust Propagation (1.2628ms)
Γû╢ Hexagonal Geometry
  Γû╢ HexCoord
    Γ£ö creates coordinates (0.155ms)
    Γ£ö calculates neighbors (0.1529ms)
    Γ£ö calculates distance (0.5344ms)
    Γ£ö rounds fractional coordinates (0.1279ms)
  Γ£ö HexCoord (1.3489ms)
  Γû╢ hexRing
    Γ£ö returns center for radius 0 (0.8629ms)
    Γ£ö returns 6 cells for radius 1 (0.4665ms)
    Γ£ö returns 12 cells for radius 2 (0.2571ms)
    Γ£ö returns 6*r cells for any radius r (0.1559ms)
  Γ£ö hexRing (1.9258ms)
  Γû╢ hexDisk
    Γ£ö returns 1 cell for radius 0 (0.2356ms)
    Γ£ö returns 7 cells for radius 1 (0.3144ms)
    Γ£ö matches hexDiskSize formula (0.3069ms)
  Γ£ö hexDisk (2.0661ms)
  Γû╢ hexDiskSize
    Γ£ö uses correct formula: 3*r*(r+1) + 1 (0.6537ms)
  Γ£ö hexDiskSize (0.8087ms)
Γ£ö Hexagonal Geometry (8.6946ms)
Γû╢ SST-YAKMESH Integration Points
  Γ£ö YPC-27: 27 has digital root 9 (Governing) (0.2098ms)
  Γ£ö Fibonacci cycle length 24 has root 6 (Governing) (0.0706ms)
  Γ£ö LCM(27,24) = 216 has root 9 (Governing) (0.0554ms)
  Γ£ö All key YAKMESH constants fall in Family C (Governing) (0.0824ms)
Γ£ö SST-YAKMESH Integration Points (0.5955ms)

≡ƒòÉ Running Time Source Detection...

[2026-02-15T08:46:55.118Z] [INFO] [mani:time-source] Time Source Detection Results {"platform":"win32","trustLevel":"UNSYNC","phaseTolerance":30000,"primarySource":"none"}
[2026-02-15T08:46:55.119Z] [INFO] [mani:time-source] NTP detected {"method":"not configured","server":"unknown","stratum":16,"synchronized":false}

≡ƒôï Detection Summary:
   Trust Level: UNSYNC
   Phase Tolerance: ┬▒30000ms
   Ready for: Degraded mode only (UNSYNC)
  Γ£à All trust levels defined
  Γ£à Phase tolerances configured correctly
     Atomic: ┬▒100ms
     GPS: ┬▒500ms
     NTP: ┬▒5000ms
  Γ£à Stratum levels correct
  Γ£à Detector created with defaults
  Γ£à Custom options accepted
  Γ£à Detection completed
     Platform: win32
     Trust Level: unsync
     Primary: none
  Γ£à Detection event emitted
  Γ£à Trust level: unsync
  Γ£à Phase tolerance: ┬▒30000ms
  Γ£à Stratum: 16
  Γ£à Has atomic time: false
  Γ£à Has high precision: false
  Γ£à Status object generated
     {"atomicTime":false,"highPrecisionTime":false,"tightPhaseWindow":false}
  Γ£à Phase config created
     Epoch duration: 12 hours
     Grace period: 30 minutes
     Tolerance: ┬▒30000ms
  Γ£à Atomic has tighter windows than NTP
     Atomic: 1h epoch, ┬▒100ms
     NTP: 6h epoch, ┬▒5000ms
  Γ£à Singleton pattern works
  Γ£à Quick detection completed
     Trust: unsync

  ≡ƒôè Trust Level Hierarchy:
  ΓöÇ  ΓöÇ  ΓöÇ  ΓöÇ  ΓöÇ  ΓöÇ  ΓöÇ  ΓöÇ  ΓöÇ  ΓöÇ  ΓöÇ  ΓöÇ  ΓöÇ  ΓöÇ  ΓöÇ  ΓöÇ  ΓöÇ  ΓöÇ  ΓöÇ  ΓöÇ  ΓöÇ  ΓöÇ  ΓöÇ  ΓöÇ  ΓöÇ  ΓöÇ  ΓöÇ  ΓöÇ  ΓöÇ  ΓöÇ
  ≡ƒö¼ Level 0: ATOMIC   | ┬▒  100ms | Stratum 0
  ≡ƒ¢░∩╕Å Level 1: GPS      | ┬▒  500ms | Stratum 1
  ≡ƒôí Level 2: PTP      | ┬▒  500ms | Stratum 1
  ≡ƒîÉ Level 3: NTP      | ┬▒ 5000ms | Stratum 2
  ΓÜá∩╕Å Level 4: UNSYNC   | ┬▒30000ms | Stratum 16
  ΓöÇ  ΓöÇ  ΓöÇ  ΓöÇ  ΓöÇ  ΓöÇ  ΓöÇ  ΓöÇ  ΓöÇ  ΓöÇ  ΓöÇ  ΓöÇ  ΓöÇ  ΓöÇ  ΓöÇ  ΓöÇ  ΓöÇ  ΓöÇ  ΓöÇ  ΓöÇ  ΓöÇ  ΓöÇ  ΓöÇ  ΓöÇ  ΓöÇ  ΓöÇ  ΓöÇ  ΓöÇ  ΓöÇ  ΓöÇ
  Γ£à Trust levels correctly ordered

  ≡ƒö¼ Atomic Clock Node Scenario:
     Can be time oracle: true
     Phase window: ┬▒100ms
     ΓåÆ This node can validate time-critical operations

  ≡ƒîÉ Standard NTP Node Scenario:
     Can be time oracle: false
     Phase window: ┬▒5000ms
     ΓåÆ This node can participate but not lead time consensus

  ΓÜá∩╕Å Unsynchronized Node Scenario:
     Can participate: false
     Phase window: ┬▒30000ms
     ΓåÆ This node operates in degraded mode
Γû╢ Time Source Detection Module
  Γû╢ TimeTrustLevel Constants
    Γ£ö should define all trust levels (0.712ms)
  Γ£ö TimeTrustLevel Constants (1.3828ms)
  Γû╢ PhaseTolerance Constants
    Γ£ö should have correct tolerance values (0.4106ms)
  Γ£ö PhaseTolerance Constants (0.5519ms)
  Γû╢ StratumLevel Constants
    Γ£ö should have correct stratum values (0.2044ms)
  Γ£ö StratumLevel Constants (0.3366ms)
  Γû╢ TimeSourceDetector Class
    Γ£ö should create detector with default options (0.3794ms)
    Γ£ö should accept custom options (0.201ms)
    Γ£ö should detect time sources (85.4349ms)
    Γ£ö should emit detected event (70.2234ms)
    Γ£ö should provide trust level getter (61.749ms)
    Γ£ö should provide phase tolerance getter (41.5277ms)
    Γ£ö should provide stratum getter (34.4428ms)
    Γ£ö should report capabilities (33.5711ms)
    Γ£ö should provide status for API (28.6925ms)
  Γ£ö TimeSourceDetector Class (356.7473ms)
  Γû╢ createPhaseConfig()
    Γ£ö should create phase config from detector (28.8888ms)
    Γ£ö should have tighter windows for atomic time (0.131ms)
  Γ£ö createPhaseConfig() (29.1053ms)
  Γû╢ getTimeSourceDetector()
    Γ£ö should return singleton instance (0.0997ms)
  Γ£ö getTimeSourceDetector() (0.1386ms)
  Γû╢ detectTimeSources()
    Γ£ö should perform quick detection (30.082ms)
  Γ£ö detectTimeSources() (30.1413ms)
  Γû╢ Trust Level Hierarchy
    Γ£ö should demonstrate trust level ordering (0.2572ms)
  Γ£ö Trust Level Hierarchy (0.3061ms)
  Γû╢ Integration Scenarios
    Γ£ö should handle atomic clock node scenario (0.1217ms)
    Γ£ö should handle standard NTP node scenario (0.0974ms)
    Γ£ö should handle degraded mode scenario (0.0864ms)
  Γ£ö Integration Scenarios (0.3863ms)
Γ£ö Time Source Detection Module (419.8435ms)
≡ƒö║ TRIBHUJ - Balanced Ternary Mathematics for YAKMESH

============================================================

≡ƒôÉ Trit Values:
   NEGATIVE: -1 (-1/-1/-1)
   NEUTRAL:  0 (0/0/0)
   POSITIVE: 1 (1/1/1)

≡ƒº« Trit Arithmetic:
   1 + T = 0
   1 ├ù T = T
   -1 = T
   -T = 1 (self-inverting!)

≡ƒöÇ Ternary Logic (Kleene 3-valued):
   TRUE AND UNKNOWN = UNKNOWN
   TRUE OR UNKNOWN = TRUE
   NOT UNKNOWN = UNKNOWN

≡ƒù│∩╕Å Consensus Operation:
   ACCEPT Γèò ACCEPT = ACCEPT
   ACCEPT Γèò REJECT = ABSTAIN (disagreement!)
   REJECT Γèò REJECT = REJECT

≡ƒôè TritArray (multi-trit values):
   42 in balanced ternary: 1TTT0 (verify: 42)
   -13 in balanced ternary: TTT (verify: -13)

≡ƒöù Path Balance (link quality):
   Path [+1,+1,-1,-1]: balance=0, balanced=true
   Path [+1,+1,+1]: balance=3, balanced=false

ΓÜá∩╕Å  weightedConsensus REMOVED - validation is deterministic, not democratic
   See security/sakshi.js for proper consensus via checkMathematicalAgreement()

============================================================
Γ£à Running test suite...


Γ£à TRIBHUJ module ready for YAKMESH integration
≡ƒö║ "The triangle stands stable on three points"

Γû╢ TRIBHUJ - Balanced Ternary Mathematics
  Γû╢ Constants
    Γ£ö should define correct trit values (0.5268ms)
    Γ£ö should define semantic aliases (0.1714ms)
  Γ£ö Constants (1.4079ms)
  Γû╢ Trit Class
    Γû╢ Construction
      Γ£ö should create from number (0.2232ms)
      Γ£ö should clamp out-of-range values (0.0928ms)
      Γ£ö should parse string characters (0.1922ms)
      Γ£ö should copy from another Trit (0.1138ms)
    Γ£ö Construction (0.891ms)
    Γû╢ Properties
      Γ£ö should report isNegative correctly (0.1542ms)
      Γ£ö should report isNeutral correctly (0.1161ms)
      Γ£ö should report isPositive correctly (0.0986ms)
    Γ£ö Properties (0.5236ms)
    Γû╢ Arithmetic
      Γ£ö should negate correctly (self-inverting) (0.2093ms)
      Γ£ö should add without carry (0.0825ms)
      Γ£ö should add with positive carry (1 + 1 = T in next place + carry) (0.1542ms)
      Γ£ö should add with negative carry (-1 + -1) (0.1658ms)
      Γ£ö should multiply correctly (0.0896ms)
    Γ£ö Arithmetic (0.8543ms)
    Γû╢ Logic Operations
      Γ£ö should AND correctly (minimum) (0.1437ms)
      Γ£ö should OR correctly (maximum) (0.0633ms)
      Γ£ö should compute consensus correctly (0.0614ms)
    Γ£ö Logic Operations (0.3477ms)
    Γû╢ Comparison
      Γ£ö should compare correctly (0.1457ms)
      Γ£ö should check equality (0.083ms)
    Γ£ö Comparison (0.3093ms)
    Γû╢ Conversion
      Γ£ö should convert to character (0.1016ms)
      Γ£ö should convert to semantic name (0.087ms)
    Γ£ö Conversion (0.2499ms)
  Γ£ö Trit Class (4.55ms)
  Γû╢ TritArray Class
    Γû╢ Construction
      Γ£ö should create from decimal (0.1809ms)
      Γ£ö should create from string (0.1495ms)
      Γ£ö should pad to fixed length (0.0912ms)
    Γ£ö Construction (0.5091ms)
    Γû╢ Arithmetic
      Γ£ö should negate correctly (0.1668ms)
      Γ£ö should add correctly (0.2109ms)
      Γ£ö should handle negative addition (0.1028ms)
    Γ£ö Arithmetic (0.6029ms)
    Γû╢ Aggregate Operations
      Γ£ö should sum trits (0.1329ms)
      Γ£ö should detect balanced arrays (0.0816ms)
      Γ£ö should count trits (0.1422ms)
      Γ£ö should find majority (0.2078ms)
    Γ£ö Aggregate Operations (0.6743ms)
  Γ£ö TritArray Class (1.9295ms)
  Γû╢ Utility Functions
    Γû╢ hexCompare
      Γ£ö should compare hex strings (0.096ms)
    Γ£ö hexCompare (0.1431ms)
    Γû╢ calculatePathBalance
      Γ£ö should calculate balanced path (0.121ms)
      Γ£ö should detect asymmetric path (0.1613ms)
    Γ£ö calculatePathBalance (0.3517ms)
  Γ£ö Utility Functions (0.5916ms)
Γ£ö TRIBHUJ - Balanced Ternary Mathematics (8.9449ms)

≡ƒö║ TATTVA Ternary Retrofit - ValidationResult
ΓöÇΓöÇΓöÇΓöÇΓöÇΓöÇΓöÇΓöÇΓöÇΓöÇΓöÇΓöÇΓöÇΓöÇΓöÇΓöÇΓöÇΓöÇΓöÇΓöÇΓöÇΓöÇΓöÇΓöÇΓöÇΓöÇΓöÇΓöÇΓöÇΓöÇΓöÇΓöÇΓöÇΓöÇΓöÇΓöÇΓöÇΓöÇΓöÇΓöÇΓöÇΓöÇΓöÇΓöÇΓöÇΓöÇΓöÇΓöÇΓöÇΓöÇ
≡ƒôè Three States:
   Γ£ô SUCCESS: state=1, isValid=true
   Γ£ù FAILURE: state=-1, isInvalid=true
   Γùî PENDING: state=0, isPending=true

≡ƒº« Ternary Logic Operations:
   VALID Γêº PENDING = 0 (ValidationResult(PENDING: AWAITING_CONSENSUS))
   VALID Γê¿ PENDING = 1 (VALID if any valid)
   VALID Γèò INVALID = 0 (disagreement ΓåÆ PENDING)

≡ƒöÖ Backwards Compatibility:
   valid.valid = true (deprecated but works)
   invalid.valid = false (false for INVALID)

≡ƒôª JSON Serialization:
   {"state":0,"valid":false,"isValid":false,"isInvalid":false,"isPending":true,"rea...

ΓöÇΓöÇΓöÇΓöÇΓöÇΓöÇΓöÇΓöÇΓöÇΓöÇΓöÇΓöÇΓöÇΓöÇΓöÇΓöÇΓöÇΓöÇΓöÇΓöÇΓöÇΓöÇΓöÇΓöÇΓöÇΓöÇΓöÇΓöÇΓöÇΓöÇΓöÇΓöÇΓöÇΓöÇΓöÇΓöÇΓöÇΓöÇΓöÇΓöÇΓöÇΓöÇΓöÇΓöÇΓöÇΓöÇΓöÇΓöÇΓöÇΓöÇ

Γ£à TATTVA ternary retrofit tests complete!

Γû╢ TATTVA Ternary ValidationResult
  Γû╢ Static Constructors
    Γ£ö success() creates VALID state (1.3187ms)
    Γ£ö failure() creates INVALID state (0.8208ms)
    Γ£ö pending() creates PENDING state (0.2643ms)
    Γ£ö pending() has default reason (0.1702ms)
  Γ£ö Static Constructors (4.6495ms)
  Γû╢ Backwards Compatibility
    Γ£ö valid getter returns true for success (0.2823ms)
    Γ£ö valid getter returns false for failure (0.112ms)
    Γ£ö valid getter returns false for pending (0.1345ms)
    Γ£ö accepts boolean in constructor (true ΓåÆ VALID) (0.1136ms)
    Γ£ö accepts boolean in constructor (false ΓåÆ INVALID) (0.1758ms)
  Γ£ö Backwards Compatibility (1.1768ms)
  Γû╢ Ternary Logic
    Γ£ö AND: VALID Γêº VALID = VALID (0.611ms)
    Γ£ö AND: VALID Γêº INVALID = INVALID (0.1276ms)
    Γ£ö AND: VALID Γêº PENDING = PENDING (0.1573ms)
    Γ£ö AND: PENDING Γêº PENDING = PENDING (0.1774ms)
    Γ£ö OR: VALID Γê¿ INVALID = VALID (0.0901ms)
    Γ£ö OR: INVALID Γê¿ INVALID = INVALID (0.0999ms)
    Γ£ö OR: PENDING Γê¿ PENDING = PENDING (0.1199ms)
    Γ£ö OR: INVALID Γê¿ PENDING = PENDING (0.0547ms)
    Γ£ö CONSENSUS: same states agree (0.0594ms)
    Γ£ö CONSENSUS: different states ΓåÆ PENDING (0.0523ms)
  Γ£ö Ternary Logic (1.8419ms)
  Γû╢ Serialization
    Γ£ö toJSON includes ternary state info (0.0915ms)
    Γ£ö toString shows state name (0.1123ms)
  Γ£ö Serialization (0.2783ms)
  Γû╢ Immutability
    Γ£ö instance is frozen (0.2285ms)
  Γ£ö Immutability (0.2876ms)
Γ£ö TATTVA Ternary ValidationResult (9.3388ms)
Γ£ö oracle\tests\ypc27.test.js (160.1761ms)

ΓòöΓòÉΓòÉΓòÉΓòÉΓòÉΓòÉΓòÉΓòÉΓòÉΓòÉΓòÉΓòÉΓòÉΓòÉΓòÉΓòÉΓòÉΓòÉΓòÉΓòÉΓòÉΓòÉΓòÉΓòÉΓòÉΓòÉΓòÉΓòÉΓòÉΓòÉΓòÉΓòÉΓòÉΓòÉΓòÉΓòÉΓòÉΓòÉΓòÉΓòÉΓòÉΓòÉΓòÉΓòÉΓòÉΓòÉΓòÉΓòÉΓòÉΓòÉΓòÉΓòÉΓòÉΓòÉΓòÉΓòÉΓòÉΓòÉΓòÉΓòù
Γòæ     YAK:// PROTOCOL INTEGRATION TEST SUITE v2.2.0        Γòæ
ΓòÜΓòÉΓòÉΓòÉΓòÉΓòÉΓòÉΓòÉΓòÉΓòÉΓòÉΓòÉΓòÉΓòÉΓòÉΓòÉΓòÉΓòÉΓòÉΓòÉΓòÉΓòÉΓòÉΓòÉΓòÉΓòÉΓòÉΓòÉΓòÉΓòÉΓòÉΓòÉΓòÉΓòÉΓòÉΓòÉΓòÉΓòÉΓòÉΓòÉΓòÉΓòÉΓòÉΓòÉΓòÉΓòÉΓòÉΓòÉΓòÉΓòÉΓòÉΓòÉΓòÉΓòÉΓòÉΓòÉΓòÉΓòÉΓòÉΓòÉΓò¥

Cannot bookmark "dashboard" - it's a builtin route
≡ƒô¼ Subscribed to bookmarks from node-abc123...
≡ƒô¡ Unsubscribed from node-abc123...
≡ƒô¼ Subscribed to bookmarks from node-xyz789...
≡ƒô¡ Unsubscribed from node-xyz789...
Cannot subscribe to your own node
≡ƒô¼ Subscribed to bookmarks from node-1...
≡ƒô¼ Subscribed to bookmarks from node-2...
≡ƒô¡ Unsubscribed from node-1...
≡ƒô¡ Unsubscribed from node-2...
Cannot bookmark "docs" - it's a builtin route
≡ƒô¼ Subscribed to bookmarks from node-test...
≡ƒô¡ Unsubscribed from node-test...
Γû╢ BookmarkManager
  Γû╢ Basic Operations
    Γ£ö should add a bookmark (4.0802ms)
    Γ£ö should normalize bookmark names to lowercase (1.4016ms)
    Γ£ö should get bookmark target (1.7599ms)
    Γ£ö should remove a bookmark (1.569ms)
    Γ£ö should list all bookmarks (1.6253ms)
    Γ£ö should reject builtins as bookmark names (0.4527ms)
  Γ£ö Basic Operations (13.0483ms)
  Γû╢ Path Normalization
    Γ£ö should normalize paths without leading slash (1.0608ms)
    Γ£ö should preserve paths with leading slash (0.924ms)
    Γ£ö should handle site/ prefix correctly (0.9897ms)
    Γ£ö should handle content/ prefix correctly (1.7105ms)
  Γ£ö Path Normalization (5.0154ms)
Γ£ö BookmarkManager (18.5924ms)
Γû╢ YAK:// URL Parsing
  Γû╢ Builtin Routes
    Γ£ö should resolve yak://dashboard to builtin (0.3047ms)
    Γ£ö should resolve yak://metrics to builtin (0.1493ms)
    Γ£ö should resolve yak://site to builtin (0.1031ms)
    Γ£ö should handle subpaths in builtins (0.2083ms)
  Γ£ö Builtin Routes (0.9074ms)
  Γû╢ Content Hash Resolution
    Γ£ö should resolve SHA3-256 content hashes (0.3709ms)
    Γ£ö should handle content subpaths (0.1234ms)
    Γ£ö should reject invalid hashes (0.1198ms)
    Γ£ö should reject short hashes (0.1037ms)
  Γ£ö Content Hash Resolution (0.8584ms)
  Γû╢ iO Name Resolution
    Γ£ö should resolve valid 3-word iO names (0.1995ms)
    Γ£ö should handle iO name subpaths (0.1329ms)
    Γ£ö should reject invalid iO names (wrong word count) (0.1707ms)
    Γ£ö should reject invalid iO names (not in wordlist) (0.1904ms)
    Γ£ö should be case-insensitive for iO names (0.1371ms)
  Γ£ö iO Name Resolution (0.987ms)
  Γû╢ HTTP to YAK Conversion
    Γ£ö should convert HTTP site URLs to yak:// (0.2584ms)
    Γ£ö should convert HTTP dashboard URL to yak:// (0.1158ms)
    Γ£ö should handle URLs with query strings (0.112ms)
  Γ£ö HTTP to YAK Conversion (0.6357ms)
  Γû╢ YAK to HTTP Conversion
    Γ£ö should convert yak://site to HTTP (0.1899ms)
    Γ£ö should convert yak://dashboard to HTTP (0.0843ms)
  Γ£ö YAK to HTTP Conversion (0.3511ms)
  Γû╢ Empty and Edge Cases
    Γ£ö should handle empty yak:// URL (0.1013ms)
    Γ£ö should handle y:// shorthand (0.1122ms)
    Γ£ö should handle case insensitive routes (0.0985ms)
  Γ£ö Empty and Edge Cases (0.4207ms)
Γ£ö YAK:// URL Parsing (4.507ms)
Γû╢ RemoteBookmarkSync
  Γû╢ Initialization
    Γ£ö should initialize with empty subscriptions (0.9173ms)
    Γ£ö should have correct message type (0.5418ms)
    Γ£ö should link to local bookmark manager (0.4595ms)
  Γ£ö Initialization (2.0731ms)
  Γû╢ Subscriptions
    Γ£ö should subscribe to a node (3.1688ms)
    Γ£ö should not subscribe to self (1.5288ms)
    Γ£ö should unsubscribe from a node (2.0539ms)
    Γ£ö should return false when unsubscribing from non-subscribed node (2.1911ms)
    Γ£ö should list subscriptions (3.3697ms)
  Γ£ö Subscriptions (12.6236ms)
  Γû╢ Remote Bookmark Lookup
    Γ£ö should return null for non-existent remote bookmark (0.5979ms)
    Γ£ö should list remote bookmarks (empty initially) (0.5657ms)
  Γ£ö Remote Bookmark Lookup (1.2767ms)
  Γû╢ Publishing
    Γ£ö should track published lists locally (2.2416ms)
  Γ£ö Publishing (2.331ms)
  Γû╢ Status
    Γ£ö should report status correctly (1.5524ms)
  Γ£ö Status (1.6425ms)
Γ£ö RemoteBookmarkSync (20.1884ms)
Γû╢ getRemoteBookmarkSync
  Γ£ö should be a function (0.1102ms)
  Γ£ö should return RemoteBookmarkSync instance (0.3161ms)
Γ£ö getRemoteBookmarkSync (0.508ms)
Γû╢ DOKO Classes Integration
  Γû╢ DOKOCertBinding
    Γ£ö should export computeFingerprint static method (0.1191ms)
    Γ£ö should export createBinding static method (0.0777ms)
    Γ£ö should export verifyBinding static method (0.0825ms)
    Γ£ö should export addBinding static method (0.068ms)
  Γ£ö DOKOCertBinding (0.4579ms)
  Γû╢ DOKOTransfer
    Γ£ö should export createRequest static method (0.1321ms)
    Γ£ö should export authorize static method (0.0723ms)
    Γ£ö should export complete static method (0.0721ms)
    Γ£ö should export reject static method (0.0673ms)
    Γ£ö should export cancel static method (0.0692ms)
    Γ£ö should export STATES constant (0.0797ms)
    Γ£ö should export TYPES constant (0.0689ms)
  Γ£ö DOKOTransfer (0.7244ms)
Γ£ö DOKO Classes Integration (1.272ms)
Γû╢ Protocol Configuration
  Γ£ö should export correct protocol config (0.1149ms)
  Γ£ö should define builtin routes (0.0698ms)
  Γ£ö should have all expected builtin routes (0.0996ms)
  Γ£ö should have YakProtocolHandler class (0.07ms)
  Γ£ö should have getBookmarkManager function (0.0767ms)
Γ£ö Protocol Configuration (0.5629ms)
Γ£ö security\tests\doko-identity.test.js (199.2858ms)
Γ£ö security\tests\domain-consensus.test.js (217.4913ms)
Γ£ö security\tests\geo-proof.test.js (248.9096ms)
Γ£ö security\tests\hardware-attestation-extended.test.js (210.1213ms)
Γ£ö security\tests\hybrid-trust.test.js (176.7784ms)
Γ£ö security\tests\khata-protocol.test.js (203.9571ms)
Γ£ö security\tests\khata-trust-integration.test.js (212.724ms)
Γ£ö security\tests\mesh-auth.test.js (193.56ms)
Γ£ö security\tests\mesh-revocation.test.js (229.5837ms)
Γû╢ SAKSHI Capability Levels
  Γ£ö defines all expected capability levels (0.6272ms)
  Γ£ö has info for all capability levels (0.2121ms)
  Γ£ö capability levels are descriptive, not hierarchical permissions (0.1664ms)
Γ£ö SAKSHI Capability Levels (1.9431ms)
Γû╢ Time Precision Coefficients
  Γ£ö atomic has highest precision (lowest value) (0.2055ms)
  Γ£ö precision decreases with time source quality (0.1625ms)
  Γ£ö precision values represent milliseconds (0.0987ms)
Γ£ö Time Precision Coefficients (0.805ms)
Γû╢ Reliability Coefficient
  Γ£ö maps uptime to 0.1-1.0 range (0.2656ms)
  Γ£ö never returns zero (all nodes can participate) (0.2087ms)
  Γ£ö caps at 1.0 (0.1245ms)
Γ£ö Reliability Coefficient (2.0588ms)
Γû╢ Age Confidence
  Γ£ö starts low for new nodes (0.2257ms)
  Γ£ö grows logarithmically (0.094ms)
  Γ£ö maxes out at 180 days (0.0963ms)
Γ£ö Age Confidence (0.5576ms)
Γû╢ NodeWitness
  Γû╢ Capability Assessment
    Γ£ö assesses ATOMIC_VETERAN for long-running atomic nodes (0.3073ms)
    Γ£ö assesses PRECISION_NODE for reliable GPS nodes (0.124ms)
    Γ£ö assesses NEW_NODE for fresh joins (0.1167ms)
    Γ£ö capability is purely descriptive (0.1332ms)
  Γ£ö Capability Assessment (0.8184ms)
  Γû╢ Derived Metrics
    Γ£ö calculates time precision from source (0.1592ms)
    Γ£ö calculates reliability coefficient from uptime (0.1312ms)
    Γ£ö calculates age confidence from network age (0.1503ms)
    Γ£ö combines quality score from reliability and age (0.1526ms)
  Γ£ö Derived Metrics (0.7294ms)
  Γû╢ Capability Checks
    Γ£ö reports high precision time capability (0.5571ms)
    Γ£ö reports hardware attestation status (0.1318ms)
  Γ£ö Capability Checks (0.7839ms)
  Γû╢ Immutability
    Γ£ö is frozen after creation (1.516ms)
  Γ£ö Immutability (1.672ms)
Γ£ö NodeWitness (4.2071ms)
Γû╢ Time Attestation Fusion
  Γ£ö returns single attestation directly (0.3243ms)
  Γ£ö weights by precision (physics, not politics) (0.1497ms)
  Γ£ö multiple imprecise measurements improve precision (0.1136ms)
  Γ£ö detects agreement/disagreement (0.1349ms)
Γ£ö Time Attestation Fusion (0.881ms)
Γû╢ Mathematical Agreement
  Γ£ö returns agreed when all match (0.4141ms)
  Γ£ö detects disagreement without voting (0.1527ms)
  Γ£ö does not use weights or tiers to resolve disagreement (0.1349ms)
  Γ£ö supports custom equality functions (0.1729ms)
Γ£ö Mathematical Agreement (1.0316ms)
Γû╢ Ranking by Reliability
  Γ£ö sorts by reliability coefficient (0.219ms)
  Γ£ö includes all nodes by default (no gatekeeping) (0.0995ms)
  Γ£ö can filter by minimum reliability for optimization (0.0845ms)
  Γ£ö can prefer precision time sources (0.0967ms)
Γ£ö Ranking by Reliability (0.6999ms)
Γû╢ Buddy System Verification
  Γ£ö creates verification requests without tier requirements (0.1365ms)
  Γ£ö verification succeeds when math matches (0.1204ms)
  Γ£ö verification fails with recompute action when math differs (0.1256ms)
Γ£ö Buddy System Verification (0.4818ms)
Γû╢ SAKSHI Philosophy
  Γ£ö NodeWitness has no permission-checking methods (0.1467ms)
  Γ£ö no weight property for voting (0.0878ms)
  Γ£ö disagreement leads to recomputation, not majority rule (0.1529ms)
Γ£ö SAKSHI Philosophy (0.5215ms)
Γû╢ VIVAAD Disagreement Analysis
  Γû╢ DISAGREEMENT_CAUSE constants
    Γ£ö defines hardware-related causes (0.1359ms)
    Γ£ö defines timing-related causes (0.0683ms)
    Γ£ö defines network-related causes (0.0627ms)
    Γ£ö defines byzantine causes (rare) (0.0761ms)
  Γ£ö DISAGREEMENT_CAUSE constants (0.4492ms)
  Γû╢ REMEDIATION actions
    Γ£ö defines gentle remediations (honor system) (0.1008ms)
    Γ£ö defines observational updates (no punishment) (0.0596ms)
    Γ£ö defines isolation only for repeated issues (0.0544ms)
  Γ£ö REMEDIATION actions (0.2908ms)
  Γû╢ analyzeDisagreement
    Γ£ö detects compute timeout (slow hardware) (0.3538ms)
    Γ£ö detects floating point variance as effectively agreeing (0.1161ms)
    Γ£ö detects crypto hardware mismatch (0.121ms)
    Γ£ö detects clock drift between nodes (0.1207ms)
    Γ£ö detects incomplete data (type mismatch) (0.1214ms)
    Γ£ö marks unexplained disagreements as needing observation (not punishment) (0.1318ms)
    Γ£ö defaults to retry when cause is unclear (0.1194ms)
  Γ£ö analyzeDisagreement (1.2582ms)
  Γû╢ createRemediationPlan
    Γ£ö creates retry plan for benign disagreements (1.645ms)
    Γ£ö creates observation plan for suspicious behavior (0.2432ms)
    Γ£ö mesh observation is passive, not punitive (0.1501ms)
  Γ£ö createRemediationPlan (2.1953ms)
  Γû╢ trackDisagreementPattern
    Γ£ö tracks disagreement history for a node (0.2523ms)
    Γ£ö identifies patterns of benign hardware issues (0.1908ms)
    Γ£ö flags nodes with many unexplained disagreements (0.1507ms)
    Γ£ö keeps assessment NORMAL if mostly benign with some suspicious (0.166ms)
  Γ£ö trackDisagreementPattern (0.9123ms)
Γ£ö VIVAAD Disagreement Analysis (5.3121ms)
Γû╢ VIVAAD Philosophy
  Γ£ö assumes good faith ΓÇö benign causes trigger positive assessment (0.171ms)
  Γ£ö remediation never includes permanent ban (0.0775ms)
  Γ£ö most disagreements attributed to hardware/timing (~85%) (0.0893ms)
  Γ£ö buddy system is remediation, not gatekeeping (0.1229ms)
Γ£ö VIVAAD Philosophy (0.5681ms)
Γû╢ SETU Trust-Tier Bridge
  Γû╢ witnessFromTrustProfile
    Γ£ö converts TrustProfile to NodeWitness (0.1784ms)
    Γ£ö handles missing hardware attestation (0.089ms)
  Γ£ö witnessFromTrustProfile (0.3314ms)
  Γû╢ trustProfileFromWitness
    Γ£ö converts NodeWitness back to TrustProfile-compatible object (0.1467ms)
  Γ£ö trustProfileFromWitness (0.1984ms)
  Γû╢ checkRevocationAgreement
    Γ£ö requires minimum reports (0.2879ms)
    Γ£ö requires evidence agreement (not weighted voting) (0.191ms)
    Γ£ö revokes when all reports agree (0.2511ms)
    Γ£ö can require precision node witness (0.1583ms)
  Γ£ö checkRevocationAgreement (1.1235ms)
  Γû╢ aggregateAttestations
    Γ£ö checks for mathematical agreement, not weighted voting (0.4852ms)
    Γ£ö returns disagreement info when attestations conflict (0.1517ms)
    Γ£ö provides contributors ranked by reliability (informational only) (0.1549ms)
  Γ£ö aggregateAttestations (0.8944ms)
  Γû╢ assessComputationTrust
    Γ£ö trusts reproducible computations regardless of who computed (0.2427ms)
    Γ£ö trusts computations with proofs (0.1074ms)
    Γ£ö requires proof when verification is required (0.0782ms)
    Γ£ö checks verifier agreement when verifications provided (0.1263ms)
    Γ£ö fails if verifiers disagree (0.1123ms)
  Γ£ö assessComputationTrust (0.8139ms)
Γ£ö SETU Trust-Tier Bridge (3.5448ms)
Γû╢ SETU Philosophy
  Γ£ö no weighted voting in revocation checks (0.1673ms)
  Γ£ö attestation count is actual count, not weighted (0.1224ms)
  Γ£ö trust is based on math verifiability, not node tier (0.079ms)
Γ£ö SETU Philosophy (0.4425ms)
Γ£ö security\tests\silicon-parity.test.js (171.0756ms)
Γ£ö security\tests\strike-system.test.js (174.4386ms)
Γ£ö security\tests\sybil-graph.test.js (175.6796ms)
Γ£ö security\tests\tls-binding.test.js (196.3712ms)
Γ£ö security\tests\trust-tier.test.js (188.2635ms)
